[('Rick_Santorum_presidential_campaign,_2012', 'Oklahoma'), ('Newt_Gingrich', 'Civil_Rights_Act_of_1964'), ('First_inauguration_of_Barack_Obama', 'Boston_University'), ('Mitt_Romney', 'Social_Security_(United_States)'), ('Mitt_Romney', 'Democratic_Party_(United_States)'), ('Ann_Romney', 'United_States_presidential_election,_2012'), ('United_States_Senate_election_in_Pennsylvania,_2006', 'Quinnipiac_University_Polling_Institute'), ('Newt_Gingrich', 'Michael_Steele'), ('Mitt_Romney', 'Presumptive_nominee'), ('Statewide_opinion_polling_for_the_Republican_Party_presidential_primaries,_2008', 'Iowa'), ('Mitt_Romney', 'Head-on_collision'), ('Mitt_Romney_presidential_campaign,_2012', 'General_Motors'), ('Mitt_Romney', 'Marriott_International'), ('Ann_Romney', 'Harvard_Business_School'), ('Mike_Huckabee_presidential_campaign,_2008', 'Marco_Rubio'), ('Ann_Romney', 'First_Lady_of_the_United_States'), ('Mitt_Romney', 'Counterculture_of_the_1960s'), ('Ann_Romney', 'Harvard_Law_School'), ('Newt_Gingrich', 'Republican_Party_(United_States)'), ('First_inauguration_of_Barack_Obama', 'France'), ('Mitt_Romney_presidential_campaign,_2012', 'Utah'), ('Mitt_romney', 'Mitt_Romney'), ('Rick_Santorum', 'Campaign_for_"santorum"_neologism'), ('Rick_Santorum_presidential_campaign,_2012', 'Anti-abortion_movements'), ('Mitt_Romney_presidential_campaign,_2012', 'United_States_presidential_election_in_South_Carolina,_2012'), ('Mitt_Romney', 'Sarbanes\xe2\x80\x93Oxley_Act'), ('Mike_Huckabee', 'Shreveport,_Louisiana'), ('Newt_Gingrich_presidential_campaign,_2012', 'Oklahoma'), ('Mitt_Romney', 'Tithe'), ('Political_positions_of_Barack_Obama', 'United_States_Armed_Forces'), ('Mike_Huckabee_presidential_campaign,_2008', 'Newt_Gingrich'), ('Newt_Gingrich', 'Tom_Foley'), ('Mitt_Romney', 'Conscription_in_the_United_States'), ('Ann_Romney', 'Barbara_Bush'), ('Mitt_(film)', 'Rotten_Tomatoes'), ('Rick_Santorum', 'Robert_Gates'), ('Newt_Gingrich', 'File:SpeakerGingrich.jpg'), ('George_W._Romney', 'United_States_Constitution'), ('Mike_Huckabee', 'Reconstruction_Era'), ('Huckabee', 'Prime_Minister_of_the_United_Kingdom'), ('Newt_Gingrich', 'Category:American_adoptees'), ('Barack_Obama', 'Political_science'), ('Santorum_Amendment', 'John_Boehner'), ('Newt_Gingrich', 'Category:Newt_Gingrich'), ('Callista_Gingrich', 'Republican_Party_presidential_primaries,_2012'), ('Barack_Obama', 'Mark_Warner'), ('Santorum_Amendment', 'Washington,_D.C'), ('George_W._Romney', 'Time_(magazine)'), ('Statewide_opinion_polling_for_the_Republican_Party_presidential_primaries,_2008', 'Washington_(state)'), ('Barack_Obama', 'Bill_Clinton'), ('Mitt_Romney', 'Classes_of_United_States_Senators'), ('Mike_Huckabee', 'List_of_Governors_of_Alaska'), ('Mitt_Romney', 'Thomas_G._Stemberg'), ('Mitt_Romney', 'Blind_trust'), ('Political_positions_of_Mike_Huckabee', 'Emissions_trading'), ('United_States_Senate_election_in_Pennsylvania,_1994', 'Philadelphia'), ('Rick_Santorum_presidential_campaign,_2012', 'Massachusetts_health_care_reform'), ('Who_Made_Huckabee?', 'Viral_video'), ('Northern_crested_newt', 'Scotland'), ('First_inauguration_of_Barack_Obama', 'Illinois'), ('Mitt_Romney_presidential_campaign,_2012', 'President_of_the_United_States'), ('Newt_Gingrich', 'South_Carolina'), ('Rick_Santorum', 'Category:Pennsylvania_Republicans'), ('Political_positions_of_Barack_Obama', 'Presidency_of_Barack_Obama'), ('Newt_Gingrich', 'Right-wing_politics'), ('Statewide_opinion_polling_for_the_Republican_Party_presidential_primaries,_2008', 'South_Carolina'), ('Newt_Gingrich_presidential_campaign,_2012', 'Newt_Gingrich'), ('Barack_Obama', 'Category:American_people_of_Irish_descent'), ('First_inauguration_of_Barack_Obama', 'Catholic_Church'), ('Statewide_opinion_polling_for_the_Republican_Party_presidential_primaries,_2008', 'Bill_Frist'), ('Mitt_Romney', 'Republican_National_Committee'), ('Mitt_Romney_presidential_campaign,_2012', 'Republican_National_Committee'), ('Mike_Huckabee_presidential_campaign,_2008', 'South_Carolina_House_of_Representatives'), ('Newt_Gingrich', 'Category:American_political_pundits'), ('Newt_Gingrich', 'Dick_Cheney'), ('George_W._Romney', 'Governor_of_Massachusetts'), ('Newt_Gingrich_presidential_campaign,_2012', 'Donald_Wildmon'), ('Mitt_(film)', 'Category:United_States_presidential_election,_2008_in_popular_culture'), ('Rick_Santorum_presidential_campaign,_2012', 'Republican_Party_presidential_primaries,_2012'), ('Family_of_Barack_Obama', 'English_American'), ('Callista_Gingrich', 'The_New_York_Times_Best_Seller_list'), ('Mitt_Romney', 'Michigan_State_Capitol'), ('Mitt_Romney', 'Stratham,_New_Hampshire'), ('Newt_Gingrich_presidential_campaign,_2012', 'Palestinian_National_Authority'), ('Mitt_Romney', 'Chris_Christie'), ('Mitt_Romney', 'Category:21st-century_American_businesspeople'), ('Mike_Huckabee', 'Roe_v._Wade'), ('Ann_Romney', 'Governor_of_Massachusetts'), ('Mitt_Romney', 'Super_Tuesday,_2008'), ('Mitt_Romney', 'Health_insurance_mandate'), ('Newt_Gingrich', 'Louise_Blouin_Media'), ('First_inauguration_of_Barack_Obama', 'Laura_Bush'), ('Barack_Obama', 'The_New_York_Times'), ('Mitt_Romney', 'Acting_governor'), ('Family_of_Barack_Obama', 'Cambridge,_Massachusetts'), ('Family_of_Barack_Obama', 'Parade_(magazine)'), ('Newt_Gingrich', 'Category:Kennesaw_State_University_people'), ('Mitt_Romney', 'Big_Dig'), ('Rick_Santorum', 'Chris_Christie'), ('Literary_Hall', 'American_Civil_War'), ('Mitt_Romney_presidential_campaign,_2012', 'Ron_Paul'), ('Mike_Huckabee_presidential_campaign,_2008', 'Georgia_(U.S._state)'), ('Mitt_Romney', 'Herman_Cain'), ('Mitt_Romney', '2010_Winter_Olympics'), ('Northern_crested_newt', 'Wales'), ('Mitt_Romney', 'Michigan_Republican_primary,_2008'), ('Mitt_Romney_presidential_campaign,_2012', 'Syria'), ('Mitt_Romney', 'Currency_intervention'), ('Statewide_opinion_polling_for_the_Republican_Party_presidential_primaries,_2008', 'West_Virginia'), ('Santorum_Amendment', 'Think_tank'), ('Mike_Huckabee_presidential_campaign,_2008', 'Mitt_Romney'), ('Newt_Gingrich', 'Georgia_(U.S._state)'), ('Ann_Romney', 'Category:People_from_Park_City,_Utah'), ('Rick_Santorum_presidential_campaign,_2012', 'The_Des_Moines_Register'), ('Ann_Romney', 'Richard_Nixon'), ('Rick_Santorum', 'Kentucky'), ('Newt_Gingrich_presidential_campaign,_2012', 'United_States_presidential_election,_2012'), ('Mitt_Romney', 'Category:1947_births'), ('Newt_Gingrich', 'Mitt_Romney'), ('Newt_Gingrich', 'Omnibus_Budget_Reconciliation_Act_of_1993'), ('Michelle_Obama', 'Cabinet_of_the_United_States'), ('Who_Made_Huckabee?', 'David_Letterman'), ('Rick_Santorum', 'United_States_presidential_election,_2004'), ('Newt_Gingrich', 'Stephen_Talbot'), ("Rick_Santorum's_views_on_homosexuality", 'United_States_Constitution'), ('Mike_Huckabee_presidential_campaign,_2008', 'Super_Tuesday'), ('Newt_Gingrich_presidential_campaign,_2012', 'Glenn_Beck'), ('Newt_Gingrich', 'Jimmy_Carter'), ('Barack_Obama', 'Bush_tax_cuts'), ('Mitt_Romney_presidential_campaign,_2012', 'Governor_of_Massachusetts'), ('Newt_Gingrich_presidential_campaign,_2012', 'Rick_Perry'), ('Rick_Santorum_presidential_campaign,_2012', 'United_States_House_of_Representatives'), ('Newt_Gingrich', 'Tulane_University'), ('George_W._Romney', 'Category:American_leaders_of_The_Church_of_Jesus_Christ_of_Latter-day_Saints'), ('Michelle_Obama', 'Rasmussen_Reports'), ('First_inauguration_of_Barack_Obama', 'George_W._Bush'), ('Mitt_Romney', 'Outboard_Marine_Corporation'), ('Mitt_Romney', 'Selective_Service_System'), ('Mitt_Romney', 'Burlington_Industries'), ('Newt_Gingrich', 'Category:Virginia_Republicans'), ('Mike_Huckabee_presidential_campaign,_2008', 'Orlando,_Florida'), ('Rick_Santorum', 'Glenn_Kessler_(journalist)'), ('Mitt_Romney', 'Category:Republican_Party_state_governors_of_the_United_States'), ('First_inauguration_of_Barack_Obama', 'Rush_Limbaugh'), ('Barack_Obama', 'United_States_presidential_election,_2008'), ('Barack_Obama', 'PolitiFact.com'), ('Newt_Gingrich', 'Category:Speakers_of_the_United_States_House_of_Representatives'), ('Newt_Gingrich_presidential_campaign,_2012', 'United_States_presidential_election_in_Georgia,_2012'), ('Mitt_Romney', 'University_of_New_Hampshire'), ('Newt_Gingrich', 'Super_Tuesday'), ('Rick_Santorum_presidential_campaign,_2012', 'United_States_presidential_election,_2008'), ('Mitt_Romney', 'Boston_Massachusetts_Temple'), ('Newt_Gingrich', 'Time_(magazine)'), ('Mike_Huckabee_presidential_campaign,_2008', 'List_of_lieutenant_governors_of_South_Carolina'), ('Rick_Santorum', 'House_banking_scandal'), ('Mitt_Romney', 'Category:Mitt_Romney'), ('Mitt_Romney', 'Category:American_people_of_German_descent'), ('Ann_Romney', 'Becket_Fund_for_Religious_Liberty'), ('Newt_Gingrich', 'Spy_fiction'), ('Newt_Gingrich', 'Baen_Books'), ('Barack_Obama', 'Kansas'), ('Newt_Gingrich', 'S._E._Cupp'), ('Mitt_Romney', 'Corning_Inc'), ('David_Huckabee', 'Category:Living_people'), ('Newt_Gingrich_presidential_campaign,_2012', 'John_McCain'), ("Rick_Santorum's_views_on_homosexuality", 'Democratic_Party_(United_States)'), ('Mitt_Romney', 'Democratic_Party_presidential_primaries,_1992'), ('Good_Doctor_(advertisement)', 'French_language'), ('Mitt_Romney', 'George_H._W._Bush'), ('Mitt_(film)', 'George_W._Romney'), ('Newt_Gingrich', 'Newt_Gingrich'), ('Newt_Gingrich', 'Ohio'), ('Mitt_Romney', 'American_exceptionalism'), ('First_inauguration_of_Barack_Obama', 'Pennsylvania'), ('First_inauguration_of_Barack_Obama', 'Iowa'), ('Rick_Santorum_presidential_campaign,_2012', 'James_Dobson'), ('Ann_Romney', 'Presidency_of_Barack_Obama'), ('Rick_Santorum', 'Category:Intelligent_design_advocates'), ('Newt_Gingrich', 'Category:People_from_Harrisburg,_Pennsylvania'), ('First_inauguration_of_Barack_Obama', 'Missouri'), ('Barack_Obama', 'Tony_Blair'), ('Family_of_Barack_Obama', 'President_of_the_United_States'), ('Mike_Huckabee_presidential_campaign,_2008', 'Iowa'), ('Mitt_Romney', 'Evangelicalism'), ('First_inauguration_of_Barack_Obama', 'United_States_Capitol'), ('Fire_belly_newts', 'China'), ('Newt_Gingrich', 'Rick_Perry'), ('Michelle_Obama', 'American_Dream'), ('Rick_Santorum', 'Social_Security_(United_States)'), ('Newt_Gingrich_presidential_campaign,_2012', 'CBS_News'), ('First_inauguration_of_Barack_Obama', 'Idaho'), ('George_W._Romney', 'John_F._Kennedy'), ('Mitt_Romney', 'Word_of_Wisdom'), ('Newt_Gingrich', 'John_Boehner'), ('Mitt_Romney', 'Bachelor_of_Arts'), ('George_W._Romney', 'Gerald_Ford'), ('George_W._Romney', 'Presidency_of_Richard_Nixon'), ('Mitt_Romney', 'Stanford_University'), ('Mitt_Romney', 'Marriott_School_of_Management'), ('Newt_Gingrich', 'United_States_presidential_election,_2012'), ('Mitt_Romney_presidential_campaign,_2012', 'George_H._W._Bush'), ('Mitt_Romney_presidential_campaign,_2012', 'Kerry_Healey'), ('George_W._Romney', 'African-American_Civil_Rights_Movement_(1954\xe2\x80\x9368)'), ('Mike_Huckabee_presidential_campaign,_2008', 'Mitt_Romney_presidential_campaign,_2008'), ('Family_of_Barack_Obama', 'United_Nations'), ('1945_(Gingrich_and_Forstchen_novel)', 'Newt_Gingrich'), ('Newt_Gingrich_presidential_campaign,_2012', 'United_States_presidential_primary'), ('Political_positions_of_Mike_Huckabee', 'Republican_Party_(United_States)'), ("Rick_Santorum's_views_on_homosexuality", 'Incest'), ('Barack_Obama', 'Harvard_Law_School'), ('Newt_Gingrich', 'Category:People_from_McLean,_Virginia'), ('Mike_Huckabee', 'National_Governors_Association'), ('Ann_Romney', 'Multiple_sclerosis'), ('Mitt_Romney_presidential_campaign,_2012', 'Barack_Obama'), ('Mitt_Romney', 'September_11_attacks'), ('Mike_Huckabee_presidential_campaign,_2008', 'YouTube'), ('Rick_Santorum_presidential_campaign,_2012', 'Herman_Cain_presidential_campaign,_2012'), ('Newt_Gingrich', "Alzheimer's_disease"), ('Mitt_Romney', 'Category:21st-century_American_writers'), ('Mitt_Romney_presidential_campaign,_2012', 'University_of_New_Hampshire'), ('Newt_Gingrich', 'Conservative_Party_of_New_York_State'), ('Mitt_Romney', 'Michael_Huffington'), ('Mitt_Romney', 'United_States_presidential_election_in_Michigan,_2012'), ('Who_Made_Huckabee?', 'Ohio'), ('Political_positions_of_Mike_Huckabee', 'Internal_Revenue_Service'), ('Newt_Gingrich', 'Bill_Clinton'), ('Newt_Gingrich', 'Herman_Cain'), ('Mike_Huckabee', 'Category:Living_people'), ('Mitt_Romney', 'Anti-Mormonism'), ('Salamandridae', 'Europe'), ('Mitt_Romney', 'Joe_Malone_(politician)'), ('Mitt_Romney', 'Republican_Party_presidential_primaries,_2012'), ('Family_of_Barack_Obama', 'Michelle_Obama'), ('Mitt_Romney', 'San_Francisco_Bay_Area'), ('Rick_Santorum_presidential_campaign,_2012', 'United_States_presidential_election_in_South_Carolina,_2012'), ('Mitt_Romney', 'Nationwide_opinion_polling_for_the_United_States_presidential_election,_2012'), ('First_inauguration_of_Barack_Obama', 'United_States_Secretary_of_Defense'), ('Mitt_Romney', 'Mike_Leavitt'), ('Mitt_Romney', 'Florida_Republican_primary,_2008'), ('Good_Doctor_(advertisement)', 'Microsoft'), ('Newt_Gingrich_presidential_campaign,_2012', 'Tennessee'), ('United_States_Senate_election_in_Pennsylvania,_2006', 'NBC'), ('First_inauguration_of_Barack_Obama', 'Germany'), ('Mitt_Romney', 'United_States_presidential_election_in_Iowa,_2012'), ('Rick_Santorum_presidential_campaign,_2012', 'Wisconsin'), ('Mitt_Romney', 'National_Journal'), ("Rick_Santorum's_views_on_homosexuality", 'National_Review'), ('Mitt_Romney', 'Massachusetts_gubernatorial_election,_2002'), ('Newt_Gingrich_presidential_campaign,_2012', 'Human_Events'), ('Mike_Huckabee_presidential_campaign,_2008', 'Liberty_University'), ('Mike_Huckabee', 'Atlanta'), ('Barack_Obama', 'Latin_honors'), ('Mike_Huckabee_presidential_campaign,_2008', 'Amnesty'), ('Rick_Santorum_presidential_campaign,_2012', 'Pat_Boone'), ('Michelle_Obama', 'Civil_union'), ('Newt_Gingrich', 'Newt_Gingrich_presidential_campaign,_2012'), ('Mitt_Romney', 'Bordeaux'), ('Mitt_Romney', 'Bob_Bennett_(politician)'), ('Mitt_Romney', "St._Martin's_Press"), ('Mitt_Romney', 'United_States_presidential_primary'), ('Mitt_Romney', 'Air_Canada'), ('Mitt_Romney', 'United_States_elections,_2010'), ('Newt_Gingrich', 'Citizens_United_v._FEC'), ('Mike_Huckabee_presidential_campaign,_2008', 'Ames_Straw_Poll'), ('Newt_Gingrich_presidential_campaign,_2012', 'PBS'), ('Ann_Romney', 'Rick_Santorum'), ('Rick_Santorum', 'Islamism'), ('Who_Made_Huckabee?', 'Chuck_Norris'), ('Newt_Gingrich', 'Federal_Election_Commission'), ('Newt_Gingrich_presidential_campaign,_2012', 'Medicare_(United_States)'), ('Huckabee', 'Israel'), ('Statewide_opinion_polling_for_the_Republican_Party_presidential_primaries,_2008', 'Nevada'), ('Who_Made_Huckabee?', 'CBS'), ('First_inauguration_of_Barack_Obama', 'John_Boehner'), ('Mitt_Romney', 'Paul_Cellucci'), ('Hogwarts', 'Herbalism'), ('Mitt_Romney_presidential_campaign,_2012', 'Mitt_Romney_presidential_campaign,_2012'), ('Newt_Gingrich', 'Judd_Gregg'), ('Political_positions_of_Mike_Huckabee', 'Category:Political_positions_of_United_States_presidential_candidates,_2008'), ('Mitt_Romney_presidential_campaign,_2012', 'Michigan'), ('Newt_Gingrich', 'Dick_Gephardt'), ('Mitt_Romney', 'J._Willard_Marriott'), ('Mitt_Romney_presidential_campaign,_2012', 'Category:United_States_presidential_campaigns,_2012'), ('Mitt_Romney', 'La_Jolla'), ('Mitt_Romney', 'Category:Boston_Consulting_Group_people'), ('Ann_Romney', 'Republican_Party_(United_States)'), ('Rick_Santorum_presidential_campaign,_2012', 'Super_Tuesday'), ('Mike_Huckabee_presidential_campaign,_2008', 'Jon_Stewart'), ('Mike_Huckabee', 'West_Virginia'), ('Mitt_Romney', 'HarperCollins'), ('Huckabee', 'Arkansas'), ('Mitt_Romney_presidential_campaign,_2012', 'Republican_Party_presidential_primaries,_2012'), ('Mitt_Romney_presidential_campaign,_2012', '2012_Summer_Olympics'), ('Ann_Romney', 'Newt_Gingrich'), ('Mitt_Romney', 'United_States_presidential_election_in_Texas,_2012'), ('Barack_Obama', 'United_States_Marine_Corps'), ('Mitt_Romney', 'Orit_Gadiesh'), ('Rick_Santorum_presidential_campaign,_2012', 'Minnesota'), ('Newt_Gingrich', 'John_James_Flynt,_Jr'), ('Newt_Gingrich', 'Carroll_County,_Georgia'), ('Barack_Obama', 'Earmark_(politics)'), ('Michelle_Obama', 'PBS'), ('Mitt_Romney', 'Fiscal_year'), ('Mauree_Gingrich', 'Category:Living_people'), ('Mitt_Romney', 'Makoto_Kobayashi_(Olympics)'), ('Black-spotted_newt', 'United_States'), ('Rick_Santorum', 'Connie_Mack_III'), ('Mike_Huckabee_presidential_campaign,_2008', 'List_of_Governors_of_Arkansas'), ('First_inauguration_of_Barack_Obama', 'South_Carolina'), ("Rick_Santorum's_views_on_homosexuality", 'Christian'), ('Political_positions_of_Mike_Huckabee', 'Arkansas'), ('Mitt_Romney', 'Massachusetts_Turnpike'), ('Mitt_Romney', 'Medicare_(United_States)'), ('Mike_Huckabee', 'Tennessee'), ('Rick_Santorum', 'Weapon_of_mass_destruction'), ('Rick_Santorum', 'Category:Republican_Party_members_of_the_United_States_House_of_Representatives'), ('Mitt_Romney', 'Means_test'), ('Mitt_Romney', 'Enron_scandal'), ('First_inauguration_of_Barack_Obama', 'United_States_Constitution'), ('Mitt_Romney', 'Ted_Kennedy'), ('Ann_Romney', 'French_language'), ('Mitt_Romney', 'Category:Harvard_Law_School_alumni'), ('Barack_Obama', 'Guantanamo_Bay_detention_camp'), ('Mitt_Romney_presidential_campaign,_2012', 'Bain_Capital'), ('Michelle_Obama', 'First_Lady_of_the_United_States'), ('Huckabee_(surname)', 'English_language'), ('Newt_Gingrich', 'United_States'), ('1945_(Gingrich_and_Forstchen_novel)', 'United_Kingdom'), ('Newt_Gingrich', 'Flexible-fuel_vehicle'), ('George_W._Romney', 'World_War_II'), ('Political_positions_of_Barack_Obama', 'Iraq_War'), ('Ann_Romney', 'List_of_United_States_Republican_Party_presidential_tickets'), ('Michelle_Obama', 'Category:American_women_writers'), ('Newt_Gingrich', 'Robert_Smith_Walker'), ('Mitt_Romney', 'The_Boston_Globe'), ('Ann_Romney', 'Category:Brigham_Young_University_alumni'), ('Statewide_opinion_polling_for_the_Republican_Party_presidential_primaries,_2008', 'Georgia_(U.S._state)'), ('Rick_Santorum', 'United_States_presidential_primary'), ('First_inauguration_of_Barack_Obama', 'New_Mexico'), ('Mike_Huckabee', 'Alaska'), ('Ann_Romney', 'Category:People_from_La_Jolla,_San_Diego'), ('Newt_Gingrich', 'Party_leaders_of_the_United_States_House_of_Representatives'), ('Mitt_Romney', 'Emissions_trading'), ('Huckabee_(surname)', 'England'), ('Barack_Obama', 'African_American'), ('Michelle_Obama', 'The_New_York_Times'), ('Mitt_Romney', 'President_of_the_United_States'), ('Mike_Huckabee', 'Category:20th-century_American_writers'), ('Statewide_opinion_polling_for_the_Republican_Party_presidential_primaries,_2008', 'Mitt_Romney'), ('Who_Made_Huckabee?', 'Republican_Party_presidential_primaries,_2008'), ('Rick_Santorum', 'Ann_Romney'), ('Barack_Obama', 'Time_(magazine)'), ('Rick_Santorum_presidential_campaign,_2012', "Don't_ask,_don't_tell"), ('First_inauguration_of_Barack_Obama', 'United_States_Secretary_of_State'), ('Newt_Gingrich', 'Lewinsky_scandal'), ('Mitt_Romney', 'Electoral_history_of_Mitt_Romney'), ('Rick_Santorum', 'Juris_Doctor'), ('Newt_Gingrich', 'United_States_House_of_Representatives'), ('Mitt_Romney', 'United_States_Ambassador_to_France'), ('Political_positions_of_Mike_Huckabee', 'Israeli_settlement'), ('Who_Made_Huckabee?', 'NBC'), ('Mitt_Romney', 'Bully_pulpit'), ('Mike_Huckabee', 'United_States_Senate'), ('Mitt_Romney', 'Regional_Greenhouse_Gas_Initiative'), ('Newt_Gingrich', 'Congressional_Accountability_Act_of_1995'), ('Mitt_Romney', 'Robert_H._Garff'), ('Rick_Santorum', 'United_States_Secretary_of_Defense'), ('Rick_Santorum', '2012_Republican_National_Convention'), ('Rick_Santorum', 'Anti-abortion_movements'), ('Ann_Romney', 'Ted_Kennedy'), ('Newt_Gingrich_presidential_campaign,_2012', 'List_of_lieutenant_governors_of_South_Carolina'), ('Rick_Santorum', 'The_Washington_Post'), ('George_Romney', 'G._Scott_Romney'), ('Callista_Gingrich', 'Category:Living_people'), ('Newt_Gingrich', 'Alexis_de_Tocqueville_Institution'), ('Who_Made_Huckabee?', 'Georgia_(U.S._state)'), ('Rick_Santorum', 'Bill_Frist'), ('Newt_Gingrich_presidential_campaign,_2012', 'Maryland'), ('Newt_Gingrich', 'Catholic_Church'), ('Mitt_Romney', 'Quinnipiac_University'), ('Huckabee', 'Tony_Blair'), ('Statewide_opinion_polling_for_the_Republican_Party_presidential_primaries,_2008', 'Kansas'), ('Mitt_Romney', 'Boston_Consulting_Group'), ('Mitt_Romney', 'Vietnam_War'), ('Mike_Huckabee_presidential_campaign,_2008', 'Republican_Party_(United_States)'), ('Newt_Gingrich_presidential_campaign,_2012', 'President_of_the_United_States'), ('Statewide_opinion_polling_for_the_Republican_Party_presidential_primaries,_2008', 'Alaska'), ('Rick_Santorum', 'Winston_Churchill'), ('Mitt_Romney', 'Category:Michigan_Republicans'), ('Newt_Gingrich', 'National_Space_Society'), ('Statewide_opinion_polling_for_the_Republican_Party_presidential_primaries,_2008', 'Idaho'), ('Mitt_Romney_presidential_campaign,_2012', 'Tampa,_Florida'), ('Newt_Gingrich', 'File:Newt_Gingrich_at_Book_Signing.jpg'), ('Northern_crested_newt', 'United_Kingdom'), ('Mitt_Romney_presidential_campaign,_2012', 'Presumptive_nominee'), ('Callista_Gingrich', 'Newt_Gingrich'), ('Mike_Huckabee_presidential_campaign,_2008', 'National_Governors_Association'), ('United_States_Senate_election_in_Pennsylvania,_2006', 'Intelligent_design'), ('Mitt_Romney', 'University_of_Utah'), ('Rick_Santorum_presidential_campaign,_2012', 'United_States_presidential_election_in_Colorado,_2012'), ('Mitt_Romney_presidential_campaign,_2012', 'Mayor'), ('Newt_Gingrich', 'Battle_of_Verdun'), ('Santorum_Amendment', 'Judd_Gregg'), ('Black-spotted_newt', 'Texas'), ('Political_positions_of_Mike_Huckabee', 'New_York'), ('Mitt_Romney', 'Category:Writers_from_Massachusetts'), ('Mike_Huckabee', 'John_McCain'), ('Mitt_Romney', 'United_States_Senate_elections,_2014'), ('Mitt_Romney', 'File:Romneys_in_2007_at_Republican_Convention_on_Mackinac_Island.jpg'), ('Newt_Gingrich_presidential_campaign,_2012', 'New_Hampshire'), ('George_W._Romney', 'Detroit'), ('Barack_Obama', 'Sandy_Hook_Elementary_School_shooting'), ('Newt_Gingrich', 'Richard_Ray'), ('Statewide_opinion_polling_for_the_Republican_Party_presidential_primaries,_2008', 'New_Jersey'), ('Newt_Gingrich', 'Expulsion_from_the_United_States_Congress'), ('Newt_Gingrich_presidential_campaign,_2012', 'Chuck_Norris'), ('Ann_Romney', 'Mitt_Romney_presidential_campaign,_2008'), ('Newt_Gingrich', 'Government-sponsored_enterprise'), ('Newt_Gingrich', 'Speaker_of_the_United_States_House_of_Representatives'), ('Ann_Romney', 'United_States'), ('Ann_Romney', 'France'), ('Rick_Santorum', 'Syria'), ('Mike_Huckabee_presidential_campaign,_2008', 'Tom_Tancredo'), ('Mitt_Romney', 'Sky_Blu_(rapper)'), ('Newt_Gingrich', 'Category:American_people_of_Irish_descent'), ('First_inauguration_of_Barack_Obama', 'North_Carolina'), ('Newt_Gingrich', 'United_States_federal_budget'), ('Michelle_Obama', 'Category:Harvard_Law_School_alumni'), ('Newt_Gingrich', 'Gingrich_Productions'), ('Mike_Huckabee', 'United_States_presidential_election,_2008'), ('David_Huckabee', 'Newsweek'), ('Rick_Santorum_presidential_campaign,_2012', 'Rush_Limbaugh'), ('Mitt_Romney', 'List_of_United_States_Republican_Party_presidential_tickets'), ('Newt_Gingrich', 'Natural_environment'), ('Mitt_Romney', 'Harvard_University'), ('Mike_Huckabee_presidential_campaign,_2008', 'Mike_Huckabee'), ('Mike_Huckabee', 'Category:United_States_presidential_candidates,_2008'), ('Rick_Santorum_presidential_campaign,_2012', 'Mississippi'), ('Rick_Santorum', 'Social_conservatism_in_the_United_States'), ('Newt_Gingrich', 'Baker_High_School_(Columbus,_Georgia)'), ('Newt_Gingrich', 'Medicare_Prescription_Drug,_Improvement,_and_Modernization_Act'), ('Rick_Santorum', 'Grover_Norquist'), ('Mitt_Romney', 'Median_strip'), ('Michelle_Obama', 'Gerald_Ford'), ('Mitt_Romney', 'Microtargeting'), ('Huckabee', 'United_Nations'), ('Michelle_Obama', 'Walmart'), ('Mike_Huckabee_presidential_campaign,_2008', 'Iraq_War'), ('First_inauguration_of_Barack_Obama', 'Presidency_of_Barack_Obama'), ('George_W._Romney', 'Corporation_for_National_and_Community_Service'), ('Mitt_Romney', 'File:Mitt_Romney_at_Senate_Coney_Island_Livonia_Michigan.JPG'), ('Mitt_Romney', 'Disorderly_conduct'), ('Newt_Gingrich_presidential_campaign,_2012', 'American_Enterprise_Institute'), ('Barack_Obama', 'Category:United_States_presidential_candidates,_2008'), ('Callista_Gingrich', 'Conservative_Political_Action_Conference'), ('Rick_Santorum', 'Category:American_political_pundits'), ('Mitt_Romney', 'Detroit'), ('Newt_Gingrich', 'United_States_presidential_election_in_South_Carolina,_2012'), ('Mitt_Romney_presidential_campaign,_2012', 'Condoleezza_Rice'), ('Mitt_Romney', 'G._Scott_Romney'), ("Rick_Santorum's_views_on_homosexuality", 'Rick_Santorum'), ('Barack_Obama', 'Supreme_Court_of_the_United_States'), ('Ann_Romney', 'Stem_cell'), ('Newt_Gingrich', 'Harrisburg,_Pennsylvania'), ('First_inauguration_of_Barack_Obama', 'War_in_Afghanistan_(2001\xe2\x80\x9314)'), ('Newt_Gingrich', 'Gerry_Studds'), ('Mitt_Romney', 'Jeb_Bush'), ('Mitt_Romney', 'United_States_Environmental_Protection_Agency'), ('First_inauguration_of_Barack_Obama', 'Dianne_Feinstein'), ('Mitt_Romney', 'Tax_avoidance'), ('Mike_Huckabee', 'Obesity'), ('Mitt_Romney', 'Capital_gain'), ('Mitt_(film)', 'Netflix'), ('Newt_Gingrich', 'Six_Sigma'), ('Mike_Huckabee', 'Fred_Thompson'), ('George_W._Romney', 'Category:Pratt\xe2\x80\x93Romney_family'), ('Newt_Gingrich', "Georgia's_6th_congressional_district"), ('Callista_Gingrich', 'Category:People_from_McLean,_Virginia'), ('Mitt_Romney', 'Category:Bain_Capital_people'), ('Arnold_Gingrich', 'Manhattan'), ('Newt_Gingrich', 'Callista_Gingrich'), ('Who_Made_Huckabee?', 'United_States_presidential_election,_2008'), ('Mike_Huckabee_presidential_campaign,_2008', 'Fred_Thompson'), ('Santorum_Amendment', 'Rick_Santorum'), ('United_States_Senate_election_in_Pennsylvania,_2006', 'Washington,_D.C'), ('Rick_Santorum_presidential_campaign,_2012', 'Mitt_Romney_presidential_campaign,_2012'), ('Mitt_Romney', 'Presidency_of_Richard_Nixon'), ('Mike_Huckabee_presidential_campaign,_2008', 'Tennessee'), ('Mitt_Romney', 'Michele_Bachmann'), ('First_inauguration_of_Barack_Obama', 'Same-sex_marriage'), ('The_Good_Doctor', 'Ron_Paul'), ('Mike_Huckabee', 'Mitt_Romney'), ('Huckabee', 'Chuck_Norris'), ('Political_positions_of_Mike_Huckabee', 'Atheism'), ('United_States_Senate_election_in_Pennsylvania,_1994', 'Rick_Santorum'), ('Newt_Gingrich', 'Gang_of_Seven'), ('Newt_Gingrich', 'United_States_House_of_Representatives_elections,_1994'), ('Rick_Santorum_presidential_campaign,_2012', 'Thriller_(genre)'), ('Newt_Gingrich', 'NASA'), ('Mitt_Romney_presidential_campaign,_2012', 'Mike_Leavitt'), ('Political_positions_of_Barack_Obama', 'United_States_Senate'), ('Mitt_Romney', 'Standard_works'), ('First_inauguration_of_Barack_Obama', 'Financial_crisis_of_2007\xe2\x80\x9308'), ('Newt_Gingrich', 'Panama_Canal'), ('Newt_Gingrich', 'Chapter_7,_Title_11,_United_States_Code'), ('Mitt_Romney', 'Category:United_States_presidential_candidates,_2008'), ('Mitt_Romney', 'The_Almanac_of_American_Politics'), ('Mitt_Romney', "Devil's_advocate"), ('Ann_Romney', 'Wolfeboro,_New_Hampshire'), ('Newt_Gingrich_presidential_campaign,_2012', 'Iowa'), ('Barack_Obama', 'Iraq'), ('Mitt_Romney', 'Swing_state'), ('Statewide_opinion_polling_for_the_Republican_Party_presidential_primaries,_2008', 'Pennsylvania'), ('Mitt_Romney', 'Massachusetts_Senate'), ('Newt_Gingrich', 'Emory_University'), ('Rick_Santorum', 'Category:Living_people'), ('Mitt_Romney', 'Growth\xe2\x80\x93share_matrix'), ('Mitt_Romney', 'Loan_guarantee'), ('Newt_Gingrich', 'Category:Censured_or_reprimanded_members_of_the_United_States_House_of_Representatives'), ('Mitt_Romney', 'List_of_United_States_Senators_from_Massachusetts'), ('Mitt_Romney', "Domino's_Pizza"), ('Obama_logo', 'United_States_presidential_election,_2008'), ('Mike_Huckabee', 'Time_(magazine)'), ('United_States_Senate_election_in_Pennsylvania,_2006', 'Larry_Sabato'), ('Barack_OBama', 'Barack_Obama'), ('Rick_Santorum_presidential_campaign,_2012', 'United_States_presidential_election_in_Maine,_2012'), ('Barack_Obama', 'Category:Harvard_Law_School_alumni'), ('Newt_Gingrich', 'Columbus,_Georgia'), ('Santorum_Amendment', 'Kansas'), ('First_inauguration_of_Barack_Obama', 'Habitat_for_Humanity'), ('Newt_Gingrich', 'Johnny_Isakson'), ('Barack_Obama', 'Benjamin_Netanyahu'), ('Ann_Romney', 'Brigham_Young_University'), ('Ann_Romney', 'Jane_Swift'), ('Ann_Romney', 'Category:Cranbrook_Educational_Community_alumni'), ('Barack_Obama', 'Medicaid'), ('Newt_Gingrich_presidential_campaign,_2012', 'CNN'), ('Barack_Obama', 'Category:American_people_of_English_descent'), ('First_inauguration_of_Barack_Obama', 'Beyonc\xc3\xa9'), ('Mitt_Romney', 'Federal_Election_Commission'), ('Mitt_Romney_presidential_campaign,_2012', 'File:Mitt_Romney_at_Senate_Coney_Island_Livonia_Michigan.JPG'), ('Mitt_Romney', 'Category:Republican_Party_(United_States)_presidential_nominees'), ('Mitt_Romney', 'Harper_(publisher)'), ('Statewide_opinion_polling_for_the_Republican_Party_presidential_primaries,_2008', 'Arizona'), ('Statewide_opinion_polling_for_the_Republican_Party_presidential_primaries,_2008', 'Louisiana'), ('Rick_Santorum_presidential_campaign,_2012', 'Arizona'), ('Mitt_Romney_presidential_campaign,_2012', 'File:Paul_Ryan_with_Mitt_Romney_in_Norfolk,_Virginia_8-11-12.jpg'), ('Callista_Gingrich', 'Nine_Days_that_Changed_the_World'), ('Mitt_Romney', 'Category:American_financial_company_founders'), ('Family_of_Barack_Obama', 'American_Civil_War'), ('Mitt_Romney', 'Douglas_A._Melton'), ('Rick_Santorum', 'The_Huffington_Post'), ('Mitt_Romney', 'Sarah_Palin'), ('Barack_Obama', 'Alan_Keyes'), ('Newt_Gingrich', 'Dan_Coats'), ('George_W._Romney', 'George_Romney_presidential_campaign,_1968'), ('Newt_Gingrich', 'Category:1943_births'), ('First_inauguration_of_Barack_Obama', 'Microsoft'), ('Newt_Gingrich', 'Open_marriage'), ('Statewide_opinion_polling_for_the_Republican_Party_presidential_primaries,_2008', 'Montana'), ('Mitt_Romney', 'Restore_Our_Future'), ('Mitt_Romney', 'Category:Brigham_Young_University_alumni'), ('Mitt_Romney_presidential_campaign,_2012', 'Results_of_the_Republican_Party_presidential_primaries,_2012'), ('Mike_Huckabee', 'CNN'), ('Rick_Santorum', 'Think_tank'), ('Mitt_Romney', 'United_States_presidential_election_debates,_2012'), ('Mitt_Romney_presidential_campaign,_2012', 'Michael_Steele'), ('Mitt_Romney', 'Laity'), ('Mitt_Romney', 'Category:American_corporate_directors'), ('Rick_Santorum_presidential_campaign,_2012', 'Pneumonia'), ('George_W._Romney', 'The_New_York_Times'), ('Mitt_Romney', 'Category:American_people_of_Scottish_descent'), ('Rick_Santorum', 'Category:Fox_News_Channel_people'), ('Newt_Gingrich', 'Universal_health_care'), ('Mitt_(film)', 'Category:Mitt_Romney'), ('Rick_Santorum', 'NPR'), ('Mitt_Romney', 'Dodd\xe2\x80\x93Frank_Wall_Street_Reform_and_Consumer_Protection_Act'), ('Mitt_Romney', 'Emergency_contraception'), ('Mitt_Romney', 'United_States_Olympic_Committee'), ('Mike_Huckabee_presidential_campaign,_2008', 'Meet_the_Press'), ('Newt_Gingrich_presidential_campaign,_2012', 'Puerto_Rico'), ('Mike_Huckabee_presidential_campaign,_2008', 'United_States_Attorney_General'), ('First_inauguration_of_Barack_Obama', 'Ohio'), ('First_inauguration_of_Barack_Obama', 'Category:Articles_containing_video_clips'), ('Mitt_Romney', 'Effects_of_the_2008\xe2\x80\x9310_automotive_industry_crisis_on_the_United_States'), ('Mitt_Romney', 'Subprime_mortgage_crisis'), ('Mitt_Romney_presidential_campaign,_2012', 'The_New_York_Times'), ('Newt_Gingrich', 'Gettysburg:_A_Novel_of_the_Civil_War'), ('Callista_Gingrich', 'Category:American_women_writers'), ('David_Huckabee', 'Mike_Huckabee'), ('First_inauguration_of_Barack_Obama', 'Vermont'), ('Political_positions_of_Mike_Huckabee', 'Southern_Baptist_Convention'), ('Rick_Santorum', 'United_States'), ('Mitt_Romney', 'Public_image_of_Mitt_Romney'), ('Newt_Gingrich_presidential_campaign,_2012', 'Center_for_Health_Transformation'), ('Mitt_Romney_presidential_campaign,_2012', 'Vice_President_of_the_United_States'), ('Mitt_Romney', 'Game_Change'), ('Mitt_Romney', 'United_States_presidential_election_in_South_Carolina,_2012'), ('Michelle_Obama', 'Lawrence_v._Texas'), ('Newt_Gingrich', 'Tax_cut'), ('Mitt_Romney', 'Capital_gains_tax'), ('Mike_Huckabee_presidential_campaign,_2008', 'Arkansas'), ('First_inauguration_of_Barack_Obama', 'Nevada'), ('Mike_Huckabee_presidential_campaign,_2008', 'Donald_Wildmon'), ('Mike_Huckabee_presidential_campaign,_2008', 'Montana'), ('Ann_Romney', 'First_Lady'), ('Newt_Gingrich', 'Category:Tulane_University_alumni'), ('Newt_Gingrich_presidential_campaign,_2012', 'Mitt_Romney'), ('Ann_Romney', 'Salt_Lake_Temple'), ('First_inauguration_of_Barack_Obama', 'Iraq_War'), ('Rick_Santorum_presidential_campaign,_2012', 'Rick_Perry_presidential_campaign,_2012'), ('Mitt_Romney', 'Category:Businesspeople_from_Massachusetts'), ('Newt_Gingrich_presidential_campaign,_2012', 'Callista_Gingrich'), ('Newt_Gingrich', 'Council_on_Foreign_Relations'), ('Mitt_Romney', 'Lake_Winnipesaukee'), ('Barack_Obama', 'President_of_the_United_States'), ('Newt_Gingrich_presidential_campaign,_2012', 'Georgia_(U.S._state)'), ('Newt_Gingrich_presidential_campaign,_2012', 'Politico'), ('Mitt_Romney', 'File:Mitt_Romney_visits_Ames_cropped.jpg'), ('Rick_Santorum_presidential_campaign,_2012', 'Bob_Vander_Plaats'), ('Mike_Huckabee_presidential_campaign,_2008', 'James_Dobson'), ('Newt_Gingrich_presidential_campaign,_2012', 'Fred_Thompson'), ('Michelle_Obama', 'Laura_Bush'), ('Barack_Obama', 'Presidency_of_Barack_Obama'), ('Rick_Santorum', 'Iraq_War'), ('Mitt_Romney', 'United_States'), ('Newt_Gingrich', 'Pacific_War_series'), ('Rick_Santorum', 'John_F._Kennedy'), ('Rick_Santorum_presidential_campaign,_2012', 'Exploratory_committee'), ('Mitt_Romney_presidential_campaign,_2012', 'Sarah_Palin'), ('Statewide_opinion_polling_for_the_Republican_Party_presidential_primaries,_2008', 'Massachusetts'), ('Mitt_Romney', 'Parley_P._Pratt'), ('Ann_Romney', 'Gerald_Ford'), ('Santorum_(disambiguation)', 'Campaign_for_"santorum"_neologism'), ('Mitt_Romney_presidential_campaign,_2012', 'Virginia'), ('Mitt_Romney_presidential_campaign,_2012', 'MSNBC'), ('Newt_Gingrich', 'The_Washington_Post'), ('Rick_Santorum_presidential_campaign,_2012', 'South_Carolina'), ('Newt_Gingrich', 'House_banking_scandal'), ('Mitt_Romney_presidential_campaign,_2012', 'Glenn_Kessler_(journalist)'), ('Newt_Gingrich', 'Common_Cause'), ('Newt_Gingrich_presidential_campaign,_2012', 'Political_action_committee'), ('Newt_Gingrich', 'State_of_the_Union'), ('Mitt_Romney', 'Formal_(university)'), ('Ann_Romney', 'Cambridge,_Massachusetts'), ('Political_positions_of_Mike_Huckabee', 'Grover_Norquist'), ('George_W._Romney', 'American_Motors'), ('Mitt_Romney', 'Bloomfield_Hills,_Michigan'), ('Newt_Gingrich', 'Regnery_Publishing'), ('Newt_Gingrich', 'Overdraft'), ('Huckabee', 'List_of_Governors_of_Arkansas'), ('Mitt_Romney_presidential_campaign,_2012', 'Haley_Barbour'), ('Mitt_Romney', 'Boston_Herald'), ('Newt_Gingrich', 'Republican_Party_presidential_primaries,_1968'), ('Mike_Huckabee', 'Gallup_(company)'), ('Newt_Gingrich', 'Lutheranism'), ('United_States_Senate_election_in_Pennsylvania,_2006', 'Terri_Schiavo_case'), ('Newt_Gingrich', 'To_Save_America'), ('George_W._Romney', 'Chihuahua_(state)'), ('Mitt_Romney_presidential_campaign,_2012', 'United_States_presidential_election_in_New_Hampshire,_2012'), ('Mitt_Romney', 'Patriot_Act'), ('Who_Made_Huckabee?', 'West_Virginia'), ('Michelle_Obama', 'Latin_honors'), ('Rick_Santorum', 'Meet_the_Press'), ('Rick_Santorum', 'Medicare_Prescription_Drug,_Improvement,_and_Modernization_Act'), ('Statewide_opinion_polling_for_the_Republican_Party_presidential_primaries,_2008', 'Fred_Thompson'), ('Rick_Santorum', 'Sarah_Palin'), ('1945_(Gingrich_and_Forstchen_novel)', 'Alternate_history'), ('Mitt_Romney', 'National_Center_for_Voluntary_Action'), ('First_inauguration_of_Barack_Obama', 'Georgia_(U.S._state)'), ('United_States_Senate_election_in_Pennsylvania,_2006', 'Supreme_Court_of_the_United_States'), ('Newt_Gingrich_presidential_campaign,_2012', 'Rick_Santorum'), ('Newt_Gingrich', 'Katherine_Mangu-Ward'), ('Ann_Romney', 'Salt_Lake_City'), ('Mitt_(film)', 'Mitt_Romney'), ('Mitt_Romney', 'Hydraulic_fracturing'), ('First_inauguration_of_Barack_Obama', 'Dan_Quayle'), ('Newt_Gingrich', 'Robert_H._Michel'), ('Mitt_Romney', 'Political_action_committee'), ('Obama_logo', 'Barack_Obama'), ('Mike_Huckabee_presidential_campaign,_2008', 'President_of_the_United_States'), ('Mitt_Romney', 'File:Romney_1994_No_Watermark.jpg'), ('Michelle_Obama', 'Hillary_Rodham_Clinton'), ('Mitt_Romney_presidential_campaign,_2012', 'Boston'), ('Newt_Gingrich', 'Congressional_Post_Office_scandal'), ('Huckabee', 'Conservatism_in_the_United_States'), ('Mitt_Romney', '2002_Winter_Paralympics'), ('Mitt_Romney_presidential_campaign,_2012', 'Vulture_capitalist'), ('Mike_Huckabee', 'Fox_News_Channel'), ('Mitt_Romney', 'Cross_country_running'), ('Newt_Gingrich', 'Human_Events'), ('Mitt_Romney', 'Logan,_Utah'), ('First_inauguration_of_Barack_Obama', 'Jimmy_Carter'), ('Statewide_opinion_polling_for_the_Republican_Party_presidential_primaries,_2008', 'California'), ('Mitt_Romney', 'President_of_the_Organising_Committee_for_the_Olympic_Games'), ('Family_of_Barack_Obama', 'Detroit'), ('Ann_Romney', 'Massachusetts_gubernatorial_election,_2002'), ('Political_positions_of_Mike_Huckabee', 'Bill_Clinton'), ('Mitt_Romney', 'Stanford_Axe'), ('Rick_Santorum', 'Pennsylvania'), ('Mitt_Romney', 'Richard_Nixon'), ('Mitt_Romney_presidential_campaign,_2012', 'Mitt_Romney_dog_incident'), ('Rick_Santorum_presidential_campaign,_2012', 'Kansas'), ('Newt_Gingrich', 'Candace_Gingrich-Jones'), ('Mitt_Romney', 'Category:Living_people'), ('Newt_Gingrich', 'CNN'), ('Mitt_Romney_presidential_campaign,_2012', 'Los_Angeles_Times'), ('Mitt_Romney', 'Bill_Bain_(consultant)'), ('Mike_Huckabee', 'Incest'), ('Mitt_Romney', 'Massachusetts_House_of_Representatives'), ('Rick_Santorum', 'Regnery_Publishing'), ('Mitt_Romney', 'Citro\xc3\xabn_DS'), ('Newt_Gingrich', 'Grant_Comes_East'), ('Mitt_Romney', 'Clinton_health_care_plan_of_1993'), ('First_inauguration_of_Barack_Obama', 'Arkansas'), ('George_W._Romney', 'Category:Republican_Party_state_governors_of_the_United_States'), ('Barack_Obama', 'United_States_presidential_election,_2012'), ('Rick_Santorum_presidential_campaign,_2012', 'Missouri'), ('Political_positions_of_Mike_Huckabee', 'Incest'), ('Callista_Gingrich', 'McLean,_Virginia'), ('Newt_Gingrich', 'Category:21st-century_American_writers'), ('Newt_Gingrich', 'Cannibalism'), ('Mitt_Romney', 'United_States_presidential_election_in_New_Hampshire,_2012'), ('Newt_Gingrich', 'United_States_presidential_election_in_Florida,_2012'), ('First_inauguration_of_Barack_Obama', 'United_States_Armed_Forces'), ('Mitt_Romney', 'Booster_club'), ('Barack_Obama', 'United_States_House_of_Representatives'), ('Mitt_Romney', 'File:Romney_Olympics.JPG'), ('Mitt_Romney', 'Paul_Ryan'), ('Newt_Gingrich', 'Atlanta'), ('First_inauguration_of_Barack_Obama', 'Alaska'), ('Mitt_Romney', 'United_States_presidential_election,_2012'), ('George_W._Romney', 'Harper_(publisher)'), ('Political_positions_of_Barack_Obama', 'Modern_liberalism_in_the_United_States'), ('Newt_Gingrich', 'Category:Fox_News_Channel_people'), ('George_W._Romney', 'Ted_Kennedy'), ('George_W._Romney', 'General_Motors'), ('Mitt_Romney', 'Offshore_bank'), ('Statewide_opinion_polling_for_the_Republican_Party_presidential_primaries,_2008', 'Ohio'), ('Mitt_Romney', 'Haley_Barbour'), ('George_W._Romney', 'Mormon_colonies_in_Mexico'), ('Newt_Gingrich_presidential_campaign,_2012', 'Fox_News_Channel'), ('Newt_Gingrich', 'Estate_(law)'), ('Newt_Gingrich', 'Category:Emory_University_alumni'), ('Barack_Obama', 'David_Cameron'), ('Political_positions_of_Mike_Huckabee', 'Walmart'), ('Mike_Huckabee_presidential_campaign,_2008', 'Charisma_(magazine)'), ('Mike_Huckabee_presidential_campaign,_2008', 'West_Virginia'), ('Mike_Huckabee', 'Category:21st-century_American_writers'), ('Mitt_Romney', 'Massachusetts_Republican_Party'), ('Rick_Santorum', 'Category:American_political_writers'), ('Mitt_Romney', 'Honorary_degree'), ('Newt_Gingrich', 'American_exceptionalism'), ('Rick_Santorum', 'United_States_Constitution'), ("Rick_Santorum's_views_on_homosexuality", 'Conservatism'), ('George_W._Romney', 'Stake_(Latter_Day_Saints)'), ('Mitt_Romney', 'Newt_Gingrich'), ('Newt_Gingrich_presidential_campaign,_2012', 'Arizona'), ('Newt_Gingrich', 'Space_exploration'), ('Mike_Huckabee', 'New_Hampshire_primary'), ('Mitt_Romney', 'Mitch_Daniels'), ('George_W._Romney', 'G._Scott_Romney'), ('Rick_Santorum_presidential_campaign,_2012', 'United_States_presidential_election_in_Ohio,_2012'), ('Mitt_Romney', 'Category:Cranbrook_Educational_Community_alumni'), ('Mitt_Romney', 'May_1968_events_in_France'), ('Mitt_Romney', 'George_W._Romney'), ('Newt_Gingrich', '1983_congressional_page_sex_scandal'), ('Mitt_Romney', 'Southern_France'), ('George_W._Romney', 'Pneumonia'), ('Ann_Romney', 'Planned_Parenthood'), ('Mitt_Romney', 'Cranbrook_Schools'), ('Mitt_Romney', 'Southern_Baptist_Convention'), ('Political_positions_of_Mike_Huckabee', 'National_Review'), ('First_inauguration_of_Barack_Obama', 'Mississippi'), ('Mitt_Romney', 'Utah_League_of_Cities_and_Towns'), ('Mitt_Romney', 'United_States_presidential_election_in_Ohio,_2012'), ('Family_of_Barack_Obama', 'Kenya'), ('Mitt_Romney', 'Category:American_consulting_businesspeople'), ('Who_Made_Huckabee?', 'Mike_Huckabee_presidential_campaign,_2008'), ('Mitt_Romney', 'John_Roberts'), ('Mitt_Romney_presidential_campaign,_2012', 'United_Kingdom'), ('Newt_Gingrich_presidential_campaign,_2012', 'United_States_presidential_election_in_Maine,_2012'), ('Rick_Santorum', 'United_States_presidential_election,_2016'), ('George_W._Romney', 'White_House_Chief_of_Staff'), ('First_inauguration_of_Barack_Obama', 'Rhode_Island'), ('1945_(Gingrich_and_Forstchen_novel)', 'William_R._Forstchen'), ('Mitt_Romney', 'PolitiFact.com'), ('Who_Made_Huckabee?', 'United_States_presidential_election_in_Iowa,_2008'), ('Mike_Huckabee', 'Political_action_committee'), ('First_inauguration_of_Barack_Obama', 'Wyoming'), ('Newt_Gingrich', 'Air_University_(United_States_Air_Force)'), ('Newt_Gingrich_presidential_campaign,_2012', 'United_States_presidential_election_in_Nevada,_2012'), ('Mitt_Romney_presidential_campaign,_2012', 'Harvard_University'), ('Statewide_opinion_polling_for_the_Republican_Party_presidential_primaries,_2008', 'Jeb_Bush'), ('Newt_Gingrich_presidential_campaign,_2012', 'Herman_Cain'), ('George_W._Romney', 'Associated_Press'), ('Newt_Gingrich', 'Benedict_Arnold'), ('Newt_Gingrich', 'Category:People_from_Columbus,_Georgia'), ('Mitt_Romney', "Shannon_O'Brien"), ('Rick_Santorum_presidential_campaign,_2012', 'National_Football_League'), ('Barack_Obama', 'Counter-terrorism'), ('Political_positions_of_Mike_Huckabee', 'President_of_the_United_States'), ('First_inauguration_of_Barack_Obama', 'Lobbying'), ('Mitt_Romney', 'Bar_examination'), ('Mitt_Romney', 'Mitt_Romney_dog_incident'), ('Mike_Huckabee', 'Michigan_Republican_primary,_2008'), ('Mitt_Romney', '2004_Republican_National_Convention'), ('Newt_Gingrich_presidential_campaign,_2012', 'David_Brooks_(journalist)'), ('Newt_Gingrich', 'Alabama'), ('Statewide_opinion_polling_for_the_Republican_Party_presidential_primaries,_2008', 'Missouri'), ('George_W._Romney', 'Marriott_School_of_Management'), ('Mike_Huckabee', 'The_New_York_Times_Best_Seller_list'), ('Mitt_Romney', 'Mitt_(film)'), ('Statewide_opinion_polling_for_the_Republican_Party_presidential_primaries,_2008', 'Ron_Paul'), ('Mitt_Romney', 'Category:Marriott_International_people'), ('Newt_Gingrich', 'File:Ronald_Reagan_with_Newt_Gingrich.jpg'), ('Newt_Gingrich', 'United_States_Environmental_Protection_Agency'), ('United_States_Senate_election_in_Pennsylvania,_2006', 'Rick_Santorum'), ('Mitt_Romney', 'File:P112912PS-0444_-_President_Barack_Obama_and_Mitt_Romney_in_the_Oval_Office_-_crop.jpg'), ('Barack_Obama', 'Delaware'), ('Family_of_Barack_Obama', 'George_H._W._Bush'), ('Mike_Huckabee', 'Same-sex_marriage'), ('Mitt_Romney', 'List_of_Governors_of_Arkansas'), ('First_inauguration_of_Barack_Obama', 'North_Dakota'), ('Campaign_for_santorum_neologism', 'Campaign_for_"santorum"_neologism'), ('Newt_Gingrich', 'Fulton_County,_Georgia'), ('Mitt_Romney_presidential_campaign,_2012', 'John_McCain'), ('Mitt_Romney', 'Federal_Marriage_Amendment'), ('First_inauguration_of_Barack_Obama', 'CNN'), ('Mitt_Romney_presidential_campaign,_2012', 'Shimon_Peres'), ('Mitt_Romney', 'Artisan_Entertainment'), ('United_States_Senate_election_in_Pennsylvania,_1994', 'Democratic_Party_(United_States)'), ('Newt_Gingrich', 'PBS'), ('Newt_Gingrich', 'Frontline_(U.S._TV_series)'), ('Mitt_Romney', 'Fox_News_Sunday'), ('Newt_Gingrich', 'Gerrymandering'), ('George_W._Romney', 'Black_people_and_Mormonism'), ('United_States_Senate_election_in_Pennsylvania,_1994', 'Social_Security_(United_States)'), ('Barack_Obama', 'File:P112912PS-0444_-_President_Barack_Obama_and_Mitt_Romney_in_the_Oval_Office_-_crop.jpg'), ('Newt_Gingrich', 'Medicare_Part_D'), ('Rick_santorum', 'Rick_Santorum'), ('Newt_Gingrich', 'Personal_Responsibility_and_Work_Opportunity_Act'), ('Mike_Huckabee', 'Category:Intelligent_design_advocates'), ('Political_positions_of_Barack_Obama', 'Barack_Obama'), ('Newt_Gingrich_presidential_campaign,_2012', 'Category:Newt_Gingrich'), ('Statewide_opinion_polling_for_the_Republican_Party_presidential_primaries,_2008', 'Minnesota'), ('Rick_Santorum', 'Enhanced_interrogation_techniques'), ('Mitt_Romney_presidential_campaign,_2012', 'Patriot_Act'), ('Statewide_opinion_polling_for_the_Republican_Party_presidential_primaries,_2008', 'Michigan'), ('First_inauguration_of_Barack_Obama', 'First_Lady'), ('Mitt_Romney', 'Category:People_from_Oakland_County,_Michigan'), ('Rick_Santorum_presidential_campaign,_2012', 'Newt_Gingrich_presidential_campaign,_2012'), ('Mitt_Romney', 'Olympic_truce'), ('Statewide_opinion_polling_for_the_Republican_Party_presidential_primaries,_2008', 'Washington,_D.C'), ('Michelle_Obama', 'Harvard_Law_School'), ('Mitt_Romney', 'Get_out_the_vote'), ('Mitt_Romney_presidential_campaign,_2012', 'Jimmy_Carter'), ('Mike_Huckabee_presidential_campaign,_2008', 'Ron_Paul'), ('Mitt_Romney', 'Big_Game_(American_football)'), ('Mitt_Romney', 'Sit-in'), ('Mitt_Romney', 'Category:Harvard_Business_School_alumni'), ('Rick_Santorum_presidential_campaign,_2012', 'Tom_Tancredo'), ('Mitt_Romney_presidential_campaign,_2012', 'Federal_Election_Commission'), ('First_inauguration_of_Barack_Obama', 'Ted_Kennedy'), ('Mitt_Romney', 'Anti-abortion_movements'), ('Newt_Gingrich_presidential_campaign,_2012', 'South_Carolina'), ('First_inauguration_of_Barack_Obama', 'Republican_Party_(United_States)'), ('Mitt_Romney', 'Pep_squad'), ('Mitt_Romney', 'Category:Private_equity_and_venture_capital_investors'), ('Huckabee', 'Newt_Gingrich'), ("Rick_Santorum's_views_on_homosexuality", 'Supreme_Court_of_the_United_States'), ('Newt_Gingrich', 'Aid_to_Families_with_Dependent_Children'), ('First_inauguration_of_Barack_Obama', 'Kentucky'), ('The_Good_Doctor_(2011_film)', 'Category:American_independent_films'), ('Barack_Obama', 'Peter_Fitzgerald_(politician)'), ('Newt_Gingrich_presidential_campaign,_2012', 'Bloomberg_News'), ('United_States_Senate_election_in_Pennsylvania,_2006', 'Rasmussen_Reports'), ('Barack_Obama', 'Iraq_War'), ('Rick_Santorum', 'The_New_York_Times'), ('Mitt_Romney', 'Ann_Romney'), ('Statewide_opinion_polling_for_the_Republican_Party_presidential_primaries,_2008', 'Oregon'), ('Newt_Gingrich', 'Interdisciplinarity'), ('Barack_Obama', 'LGBT_rights_by_country_or_territory'), ('Barack_Obama', 'Harris_Interactive'), ('Newt_Gingrich', 'Dede_Scozzafava'), ('Newt_Gingrich', 'Georgia_General_Assembly'), ('Mitt_Romney_presidential_campaign,_2012', 'Get_out_the_vote'), ('Huckabee_(surname)', 'Old_English'), ('Political_positions_of_Mike_Huckabee', 'Patient_Protection_and_Affordable_Care_Act'), ('Mitt_Romney_presidential_campaign,_2012', 'David_Letterman'), ('Michelle_Obama', 'Newsweek'), ('First_inauguration_of_Barack_Obama', 'Great_Depression'), ('Rick_Santorum', 'Political_science'), ('George_W._Romney', 'President_of_the_United_States'), ('Newt_Gingrich', 'William_R._Forstchen'), ('Newt_Gingrich', 'Nine_Days_that_Changed_the_World'), ('Newt_Gingrich', 'International_Monetary_Fund'), ('1945_(Gingrich_and_Forstchen_novel)', 'Baen_Books'), ('Mitt_Romney', 'North_American_energy_independence'), ('Mitt_Romney_presidential_campaign,_2012', 'United_States_presidential_election_in_Texas,_2012'), ('Mike_Huckabee', 'Birth_control'), ('Barack_Obama', 'Financial_crisis_of_2007\xe2\x80\x9308'), ('Barack_Obama', 'Ronald_Reagan'), ('Michelle_Obama', 'Jon_Stewart'), ('Mike_Huckabee_presidential_campaign,_2008', 'Wyoming'), ('First_inauguration_of_Barack_Obama', 'Cabinet_of_the_United_States'), ('Barack_Obama', 'Israeli_settlement'), ('Mike_Huckabee', 'Speaker_of_the_United_States_House_of_Representatives'), ('Mike_Huckabee_presidential_campaign,_2008', 'Chief_executive_officer'), ('Newt_Gingrich_presidential_campaign,_2012', 'Tim_LaHaye'), ('Newt_Gingrich_presidential_campaign,_2012', 'Ted_Kennedy'), ("Rick_Santorum's_views_on_homosexuality", 'George_W._Bush'), ('Mike_Huckabee', 'Latin_honors'), ("Rick_Santorum's_views_on_homosexuality", 'United_States_Senate'), ('Mitt_Romney', 'Big_Dig_ceiling_collapse'), ('I_Got_a_Crush..._on_Obama', 'YouTube'), ('First_inauguration_of_Barack_Obama', 'Kansas'), ('Mitt_Romney_presidential_campaign,_2012', 'United_States_presidential_election,_2012'), ('Mitt_Romney_presidential_campaign,_2012', 'Mitt_Romney'), ('Political_positions_of_Mike_Huckabee', 'Meet_the_Press'), ('Mike_Huckabee', 'Mitt_Romney_presidential_campaign,_2008'), ('Mitt_Romney', 'No_Religious_Test_Clause'), ('Mitt_Romney_presidential_campaign,_2012', 'Running_mate'), ('Newt_gingrich', 'Newt_Gingrich'), ('Newt_Gingrich', 'Thomas_Dunne_Books'), ('Mitt_Romney', 'Greenhouse_gas'), ('Mitt_Romney_presidential_campaign,_2012', 'Rick_Perry'), ('Mitt_(film)', 'Category:American_independent_films'), ('First_inauguration_of_Barack_Obama', 'NBC'), ('Mitt_Romney', 'Federal_Deposit_Insurance_Corporation'), ('Mitt_Romney_presidential_campaign,_2012', 'United_States_Senate'), ('Mitt_Romney', 'Major_party'), ('Statewide_opinion_polling_for_the_Republican_Party_presidential_primaries,_2008', 'Illinois'), ('Mike_Huckabee', 'Iowa'), ('Mitt_Romney_presidential_campaign,_2012', 'Chris_Christie'), ('Rick_Santorum', 'Ron_Paul'), ('Mitt_Romney', 'Management_consulting'), ('Newt_Gingrich_presidential_campaign,_2012', 'Herman_Cain_presidential_campaign,_2012'), ('1945_(Gingrich_and_Forstchen_novel)', 'United_States'), ('Ann_Romney', 'Barack_Obama'), ('Mitt_Romney_presidential_campaign,_2012', 'Politico'), ('Political_positions_of_Mike_Huckabee', 'Council_on_Foreign_Relations'), ('Mitt_Romney', 'Stake_(Latter_Day_Saints)'), ('Political_positions_of_Mike_Huckabee', 'Arizona'), ('Barack_Obama', 'Illinois'), ('Rick_Santorum_presidential_campaign,_2012', 'Orlando,_Florida'), ('Mike_Huckabee_presidential_campaign,_2008', 'Sam_Brownback'), ('Rick_Santorum', 'Balanced_budget_amendment'), ('Newt_Gingrich_presidential_campaign,_2012', 'Stephen_Talbot'), ('Michelle_Obama', 'Illinois'), ('Newt_Gingrich', 'Caucus'), ('George_W._Romney', 'Tithe'), ('Mike_Huckabee_presidential_campaign,_2008', 'Atlanta'), ('Mitt_(film)', 'Tagg_Romney'), ('Newt_Gingrich', "Pope_Benedict_XVI's_visit_to_the_United_States"), ('Family_of_Barack_Obama', 'Barack_Obama'), ('Newt_Gingrich', 'Balanced_budget'), ('Barack_Obama', 'Electoral_College_(United_States)'), ('Newt_Gingrich', 'Category:Converts_to_Roman_Catholicism_from_Baptist_denominations'), ('Newt_Gingrich', 'David_E._Bonior'), ('Mitt_Romney', 'Financial_crisis_of_2007\xe2\x80\x9308'), ('Political_positions_of_Barack_Obama', 'Robert_Gates'), ('Newt_Gingrich', 'The_New_Yorker'), ('Newt_Gingrich', 'Republican_National_Committee'), ('Mitt_Romney_presidential_campaign,_2012', 'Restore_Our_Future'), ('Barack_Obama', 'Category:20th-century_American_writers'), ('Who_Made_Huckabee?', 'Mike_Huckabee'), ('Michelle_Obama', 'Barbara_Bush'), ('Rick_Santorum', 'United_States_Senate'), ('Good_Doctor_(advertisement)', 'London'), ('George_W._Romney', 'Mexico'), ('United_States_Senate_election_in_Pennsylvania,_2006', 'Social_Security_(United_States)'), ('Newt_Gingrich', '104th_United_States_Congress'), ('1945_(Gingrich_and_Forstchen_novel)', 'Tennessee'), ('Rick_Santorum', 'United_States_presidential_election_in_Iowa,_2012'), ('George_W._Romney', 'Vietnam_War'), ('Newt_Gingrich', 'Americans_with_Disabilities_Act_of_1990'), ('Mitt_Romney', 'Audit_committee'), ('I_Got_a_Crush..._on_Obama', 'United_States_Senate'), ('David_Huckabee', 'United_States_presidential_election,_2008'), ('Newt_Gingrich', 'Medicare_(United_States)'), ('Mike_Huckabee_presidential_campaign,_2008', 'Straw_poll'), ('First_inauguration_of_Barack_Obama', 'West_Virginia'), ('Family_of_Barack_Obama', 'Boston_Herald'), ('Newt_Gingrich', 'American_Enterprise_Institute'), ('Mitt_Romney_presidential_campaign,_2012', 'Tithe'), ('Mike_Huckabee', 'Running_mate'), ('United_States_Senate_election_in_Pennsylvania,_2006', 'Republican_Party_(United_States)'), ('Rick_Santorum_presidential_campaign,_2012', 'Planned_Parenthood'), ('Mitt_Romney_presidential_campaign,_2012', 'Bloomberg_News'), ('Newt_Gingrich_presidential_campaign,_2012', 'Republican_Party_(United_States)'), ('Rick_Santorum_presidential_campaign,_2012', 'United_States_presidential_election_in_Georgia,_2012'), ('Mike_Huckabee', 'Sarah_Palin'), ('Michelle_Obama', 'Juris_Doctor'), ('First_inauguration_of_Barack_Obama', 'George_H._W._Bush'), ('Mitt_Romney_presidential_campaign,_2012', 'Straw_poll'), ('Mitt_Romney', 'United_States_presidential_election_in_Iowa,_2008'), ('Mitt_Romney', 'Short_list'), ('Mitt_Romney', "Woman's_Exponent"), ('First_inauguration_of_Barack_Obama', 'American_Civil_War'), ('Barack_Obama', 'Baptists'), ('Newt_Gingrich', 'Chuck_Schumer'), ('Santorum_Amendment', 'Republican_Party_(United_States)'), ('Rick_Santorum', 'Category:21st-century_American_writers'), ('Barack_Obama', 'University-preparatory_school'), ('Santorum_Amendment', 'Sam_Brownback'), ('Statewide_opinion_polling_for_the_Republican_Party_presidential_primaries,_2008', 'Utah'), ('Rick_Santorum', 'Modern_liberalism_in_the_United_States'), ('Mike_Huckabee', 'Modern_liberalism_in_the_United_States'), ('Barack_Obama', 'NASA'), ('First_inauguration_of_Barack_Obama', 'China'), ('Mitt_Romney', 'Carried_interest'), ('Mitt_Romney', 'Ross_Perot'), ('Newt_Gingrich', 'United_States_presidential_election_in_New_Hampshire,_2012'), ('Black-spotted_newt', 'Gulf_of_Mexico'), ('Barack_Obama', 'Democratic_Party_(United_States)'), ('Mitt_Romney_presidential_campaign,_2012', 'Marco_Rubio'), ('United_States_Senate_election_in_Pennsylvania,_2006', 'George_W._Bush'), ('Mitt_Romney', 'University-preparatory_school'), ('Political_positions_of_Barack_Obama', 'United_States_Army'), ('Mike_Huckabee_presidential_campaign,_2008', 'Nebraska'), ('Rick_Santorum_presidential_campaign,_2012', 'Federal_Election_Commission'), ('Mitt_Romney', 'Hedge_fund'), ('Mitt_Romney', 'George_W._Bush'), ('Mitt_Romney', 'Harvard_Business_School'), ('George_W._Romney', 'Republican_Party_(United_States)'), ("Rick_Santorum's_views_on_homosexuality", 'Family_Research_Council'), ("Rick_Santorum's_views_on_homosexuality", 'John_McCain'), ('George_W._Romney', 'National_Governors_Association'), ('Mitt_Romney_presidential_campaign,_2012', 'United_States_presidential_election_in_Missouri,_2012'), ('Mitt_Romney_presidential_campaign,_2012', 'United_States_presidential_election_in_Florida,_2012'), ('Mitt_Romney', 'Threshold_Editions'), ('Rick_Santorum', 'Intelligent_design'), ('Mitt_Romney', 'List_of_Governors_of_Alaska'), ('Newt_Gingrich', 'Jon_Huntsman,_Jr'), ('First_inauguration_of_Barack_Obama', 'Michelle_Obama'), ('Callista_Gingrich', 'Speaker_of_the_United_States_House_of_Representatives'), ('Mitt_(film)', 'Multiple_sclerosis'), ('Newt_Gingrich_presidential_campaign,_2012', 'RealClearPolitics'), ('Mike_Huckabee', 'Sandy_Hook_Elementary_School_shooting'), ('Mitt_Romney', 'Somatic_cell_nuclear_transfer'), ('I_Got_a_Crush..._on_Obama', 'Category:United_States_presidential_election,_2008_in_popular_culture'), ('Mitt_Romney', 'Category:People_from_Belmont,_Massachusetts'), ('Mitt_Romney', 'Private_equity'), ('Callista_Gingrich', 'Latin_honors'), ('First_inauguration_of_Barack_Obama', 'CBS'), ('Newt_Gingrich', 'Welfare_reform'), ('Newt_Gingrich', 'Master_of_Arts'), ('Mitt_Romney', 'Barack_Obama'), ('Michelle_Obama', 'John_F._Kennedy'), ('Mitt_Romney', 'PublicAffairs'), ("Rick_Santorum's_views_on_homosexuality", 'Arizona'), ('George_W._Romney', 'Category:Mitt_Romney'), ('Rick_Santorum', 'Glenn_Beck'), ('Mitt_Romney_presidential_campaign,_2012', 'CNN'), ('Family_of_Barack_Obama', 'HarperCollins'), ('Mitt_Romney_presidential_campaign,_2012', 'David_Cameron'), ('Mitt_Romney_presidential_campaign,_2012', 'United_States_presidential_election_in_Michigan,_2012'), ('Rick_Santorum_presidential_campaign,_2012', 'Jon_Huntsman,_Jr'), ('Mitt_Romney_presidential_campaign,_2012', 'United_States_Attorney_General'), ('Mitt_Romney', 'Michael_Dukakis'), ('Ann_Romney', 'Park_City,_Utah'), ('Mitt_Romney', 'Son_of_Boss'), ('Mitt_Romney', 'Mike_Huckabee'), ('Mike_Huckabee_presidential_campaign,_2008', 'Tax_cut'), ('Barack_Obama', 'John_Kerry'), ('George_W._Romney', 'Great_Depression'), ('Newt_Gingrich_presidential_campaign,_2012', 'The_Washington_Post'), ('Mitt_Romney', 'United_States_presidential_election'), ('Newt_Gingrich', 'James_M._Cole'), ('Political_positions_of_Mike_Huckabee', 'Iraq'), ('Barack_Obama', 'African-American_Civil_Rights_Movement_(1954\xe2\x80\x9368)'), ('Rick_Santorum', 'Gang_of_Seven'), ('Newt_Gingrich', 'Joseph_Gaylord'), ('Michelle_Obama', 'CBS_News'), ('Newt_Gingrich_presidential_campaign,_2012', 'Ronald_Reagan'), ('Mitt_Romney_presidential_campaign,_2012', 'United_States_House_of_Representatives'), ('Mitt_Romney_presidential_campaign,_2012', 'Stanford_University'), ('Statewide_opinion_polling_for_the_Republican_Party_presidential_primaries,_2008', 'Tom_Tancredo'), ('First_inauguration_of_Barack_Obama', 'Texas'), ('Barack_Obama', 'Category:Living_people'), ('Ann_Romney', 'Episcopal_Church_(United_States)'), ('Mike_Huckabee', 'Classes_of_United_States_Senators'), ('Family_of_Barack_Obama', 'First_Lady_of_the_United_States'), ('Candace_Gingrich', 'Candace_Gingrich-Jones'), ('First_inauguration_of_Barack_Obama', 'United_States_Congress'), ('Mike_Huckabee', 'Category:American_political_pundits'), ('Newt_Gingrich_presidential_campaign,_2012', 'Meet_the_Press'), ('Mitt_Romney', 'Steve_Forbes'), ('Newt_Gingrich', 'Fort_Benning'), ('Rick_Santorum_presidential_campaign,_2012', 'United_States_Senate'), ('Mitt_Romney', 'Regnery_Publishing'), ('Mitt_Romney', 'Bain_&_Company'), ('Mitt_Romney', 'One-dollar_salary'), ('Political_positions_of_Mike_Huckabee', 'Texas'), ('Newt_Gingrich', 'Environmental_studies'), ('Mitt_Romney', 'Nationwide_opinion_polling_for_the_Republican_Party_2008_presidential_candidates'), ('1945_(Gingrich_and_Forstchen_novel)', 'World_War_II'), ('Newt_Gingrich', 'Category:Writers_from_Columbus,_Georgia'), ('Newt_Gingrich', 'Never_Call_Retreat:_Lee_and_Grant:_The_Final_Victory'), ('Mitt_Romney', 'Chihuahua_(state)'), ('Rick_Santorum', 'The_Des_Moines_Register'), ('Huckabee', 'Laura_Bush'), ('Statewide_opinion_polling_for_the_Republican_Party_presidential_primaries,_2008', 'North_Carolina'), ('Ann_Romney', 'Invasive_carcinoma_of_no_special_type'), ('Family_of_Barack_Obama', 'Washington,_D.C'), ('Newt_Gingrich', 'Amazon.com'), ('Mitt_Romney_presidential_campaign,_2012', 'Rush_Limbaugh'), ('Rick_Santorum', 'Political_action_committee'), ('George_Romney', 'George_W._Romney'), ('Michelle_Obama', 'Bachelor_of_Arts'), ('Who_Made_Huckabee?', 'Tennessee'), ('George_W._Romney', 'Simon_&_Schuster'), ('Mitt_Romney', 'Conservative_Political_Action_Conference'), ('George_W._Romney', 'University_of_Utah'), ('First_inauguration_of_Barack_Obama', 'Robert_Gates'), ('Mike_Huckabee', 'Civil_union'), ('Political_positions_of_Mike_Huckabee', 'NBC'), ('Newt_Gingrich', 'Balanced_budget_amendment'), ('Mike_Huckabee_presidential_campaign,_2008', 'United_States_presidential_election,_2008'), ('Ann_Romney', 'Bachelor_of_Arts'), ('Ann_Romney', 'United_States_Senate_election_in_Massachusetts,_1994'), ('United_States_Senate_election_in_Pennsylvania,_2000', 'Rick_Santorum'), ('Rick_Santorum', 'Exploratory_committee'), ('Michelle_Obama', 'Politico'), ('Mike_Huckabee', 'Democratic_Party_(United_States)'), ('First_inauguration_of_Barack_Obama', 'John_McCain'), ('Newt_Gingrich_presidential_campaign,_2012', 'George_Will'), ('Mitt_Romney', 'Hillsdale_College'), ('Newt_Gingrich_presidential_campaign,_2012', 'United_States_elections,_2010'), ('Political_positions_of_Mike_Huckabee', 'Gun_control'), ('David_Huckabee', 'Prom'), ('Newt_Gingrich', 'Dan_Crane'), ('Barack_Obama', 'United_States_Congress'), ('Statewide_opinion_polling_for_the_Republican_Party_presidential_primaries,_2008', 'Wisconsin'), ('Newt_Gingrich', 'Space_Race'), ('Newt_Gingrich', 'Marietta,_Georgia'), ('Ann_Romney', '2002_Winter_Olympics'), ('Mitt_Romney', 'Bush_tax_cuts'), ('First_inauguration_of_Barack_Obama', 'Vice_President_of_the_United_States'), ('Barack_Obama', 'HarperCollins'), ('Mitt_(film)', 'Massachusetts'), ('Ann_Romney', 'Mitt_Romney'), ('Mitt_Romney_presidential_campaign,_2012', 'Florida'), ('Newt_Gingrich_presidential_campaign,_2012', 'Sarah_Palin'), ('Mike_Huckabee', 'Republican_Party_presidential_primaries,_2008'), ('Barack_Obama', 'Estate_tax_in_the_United_States'), ('Newt_Gingrich', 'Israeli\xe2\x80\x93Palestinian_conflict'), ('Mitt_Romney', 'Category:Businesspeople_from_California'), ('Ann_Romney', 'Honorary_degree'), ('Ann_Romney', 'Prom'), ('Newt_Gingrich', 'Contract_with_America'), ('Mitt_Romney', 'Jack_E._Robinson_III'), ('First_inauguration_of_Barack_Obama', 'Louisiana'), ('Statewide_opinion_polling_for_the_Republican_Party_presidential_primaries,_2008', 'Sam_Brownback'), ('Mitt_Romney_presidential_campaign,_2012', 'Political_action_committee'), ('Newt_Gingrich_presidential_campaign,_2012', 'Conservative_Political_Action_Conference'), ('Barack_Obama', 'Republican_Party_(United_States)'), ('Rick_Santorum_presidential_campaign,_2012', 'New_Orleans'), ('Mitt_Romney', 'San_Diego'), ('Political_positions_of_Mike_Huckabee', 'Tuberculosis'), ('Mitt_Romney', 'John_McCain'), ('Rick_Santorum_presidential_campaign,_2012', 'Glenn_Beck'), ('First_inauguration_of_Barack_Obama', 'Political_action_committee'), ('Barack_Obama', 'Chicago_Bears'), ('Newt_Gingrich', 'Cobb_County,_Georgia'), ('Mitt_Romney_presidential_campaign,_2012', 'Nationwide_opinion_polling_for_the_United_States_presidential_election,_2012'), ('Ann_Romney', 'Belmont,_Massachusetts'), ('Newt_Gingrich', 'National_Security_Council'), ('Who_Made_Huckabee?', 'Alabama'), ('Mitt_Romney_presidential_campaign,_2012', 'Republican_Party_(United_States)'), ('Mike_Huckabee_presidential_campaign,_2008', 'Michigan_Republican_primary,_2008'), ('Mitt_Romney', 'Bernos-Beaulac'), ('Political_positions_of_Barack_Obama', 'National_Physicians_Alliance'), ('Political_positions_of_Barack_Obama', 'Council_on_Foreign_Relations'), ('Family_of_Barack_Obama', 'Harvard_University'), ('Barack_Obama', 'United_States_elections,_2010'), ('Newt_Gingrich', 'McLean,_Virginia'), ('Mitt_Romney', 'Primary_school'), ('Mitt_Romney', 'Category:American_people_of_English_descent'), ('Mitt_Romney', 'Politician'), ('Mitt_Romney', 'Massachusetts_gubernatorial_election,_2006'), ('George_W._Romney', 'Category:George_W._Romney'), ('Mitt_Romney', 'Republican_Governors_Association'), ('Ann_Romney', 'The_Church_of_Jesus_Christ_of_Latter-day_Saints'), ('Gingrich', 'Callista_Gingrich'), ('United_States_Senate_election_in_Pennsylvania,_1994', 'Bill_Clinton'), ('Mitt_Romney', 'United_States_elections,_2014'), ('First_inauguration_of_Barack_Obama', 'NPR'), ('Mitt_Romney_presidential_campaign,_2012', 'Russia'), ('Mitt_Romney', 'Harper_University_Hospital'), ('Newt_Gingrich', 'University_of_West_Georgia'), ('Newt_Gingrich', 'Frank_Luntz'), ('Newt_Gingrich', 'Category:21st-century_American_novelists'), ('Newt_Gingrich_presidential_campaign,_2012', 'Republican_Revolution'), ('Rick_Santorum_presidential_campaign,_2012', 'Ames_Straw_Poll'), ('Mitt_Romney', 'Atlantic_Media'), ('George_W._Romney', 'Nelson_Rockefeller'), ('Mauree_Gingrich', 'Republican_Party_(United_States)'), ('Rick_Santorum', 'Mitt_Romney'), ('Mitt_Romney', 'Samuel_Alito'), ('Ann_Romney', 'Cranbrook_Schools'), ('Mitt_Romney', 'Sports_Authority'), ('Newt_Gingrich', 'File:Newt_Gingrich_by_Gage_Skidmore_4.jpg'), ('Mitt_Romney', 'Vulture_capitalist'), ('Mitt_Romney_presidential_campaign,_2012', 'Massachusetts'), ('Mitt_Romney', 'Same-sex_marriage'), ('Statewide_opinion_polling_for_the_Republican_Party_presidential_primaries,_2008', 'Maine'), ('Rick_Santorum', 'Republican_Party_(United_States)'), ('First_inauguration_of_Barack_Obama', 'Maine'), ('Newt_Gingrich', 'Doug_Hoffman'), ('Mitt_Romney', 'Valentino_Castellani'), ('George_W._Romney', 'Brigham_Young_University'), ('Newt_Gingrich', 'Category:Military_brats'), ('Mitt_Romney', 'Liberty_University'), ('Newt_Gingrich', 'Greta_Van_Susteren'), ('Newt_Gingrich_presidential_campaign,_2012', 'Category:Articles_containing_video_clips'), ('Newt_Gingrich', 'Tom_Murphy_(U.S._politician)'), ('Mitt_Romney', 'No_Apology'), ('Newt_Gingrich_presidential_campaign,_2012', 'United_States_presidential_election_in_Iowa,_2012'), ('Newt_Gingrich', 'Tenure'), ('Mitt_Romney', 'The_Path_to_Prosperity'), ('Mitt_Romney', 'Category:National_Executive_Board_of_the_Boy_Scouts_of_America_members'), ('Statewide_opinion_polling_for_the_Republican_Party_presidential_primaries,_2008', 'Colorado'), ('Newt_Gingrich', 'Earmark_(politics)'), ('Newt_Gingrich_presidential_campaign,_2012', 'Christian_Broadcasting_Network'), ('Family_of_Barack_Obama', 'Herbalism'), ('Newt_Gingrich_presidential_campaign,_2012', 'United_States_Senate'), ('Rick_Santorum', 'HIV/AIDS'), ('Rick_Santorum_presidential_campaign,_2012', 'United_States_presidential_election_in_Alabama,_2012'), ('Statewide_opinion_polling_for_the_Republican_Party_presidential_primaries,_2008', 'Alan_Keyes'), ('Newt_Gingrich', 'Conscription_in_the_United_States'), ('George_W._Romney', 'Salt_Lake_City'), ('Family_of_Barack_Obama', 'Emory_University'), ('Newt_Gingrich_presidential_campaign,_2012', 'Frontline_(U.S._TV_series)'), ('Good_Doctor_(advertisement)', 'YouTube'), ('Who_Made_Huckabee?', 'Global_warming'), ('Mike_Huckabee_presidential_campaign,_2008', 'Bill_Clinton'), ('Statewide_opinion_polling_for_the_Republican_Party_presidential_primaries,_2008', 'Republican_Party_presidential_primaries,_2008'), ('Mitt_Romney', 'Time_100'), ('Political_positions_of_Mike_Huckabee', 'Israel'), ('Rick_Santorum_presidential_campaign,_2012', 'United_States_presidential_election_in_Michigan,_2012'), ('Mitt_Romney', 'Brookstone'), ('Mitt_Romney', 'Electoral_College_(United_States)'), ('George_W._Romney', 'Polygamy'), ('Political_positions_of_Mike_Huckabee', 'East_Jerusalem'), ('Mike_Huckabee_presidential_campaign,_2008', 'Face_the_Nation'), ('Newt_Gingrich', 'Category:United_States_presidential_candidates,_2012'), ('Mitt_Romney_presidential_campaign,_2012', 'YouTube'), ('George_W._Romney', 'Ann_Romney'), ('Mike_Huckabee_presidential_campaign,_2008', 'Republican_Party_presidential_primaries,_2008'), ('Mike_Huckabee_presidential_campaign,_2008', 'Focus_on_the_Family'), ('Mike_Huckabee', 'United_States_presidential_election_in_Iowa,_2008'), ('Newt_Gingrich_presidential_campaign,_2012', 'United_States_Army'), ('Gingrich', 'Candace_Gingrich-Jones'), ('Newt_Gingrich_presidential_campaign,_2012', 'Subprime_mortgage_crisis'), ('Mitt_Romney', 'Supreme_Court_of_the_United_States'), ('Family_of_Barack_Obama', 'Lyndon_B._Johnson'), ('Mitt_Romney_presidential_campaign,_2012', 'Rick_Santorum'), ('Mitt_Romney', 'Massachusetts'), ('Statewide_opinion_polling_for_the_Republican_Party_presidential_primaries,_2008', 'Alabama'), ('Newt_Gingrich', 'United_States_Department_of_the_Treasury'), ('Mike_Huckabee', 'Republican_Party_(United_States)'), ('Mitt_Romney', 'Publicist'), ('Mitt_Romney', 'Jon_Huntsman,_Jr'), ('Mitt_Romney', 'Time_(magazine)'), ('Newt_Gingrich', 'United_States_Department_of_State'), ('Ann_Romney', 'Tampa,_Florida'), ('Mike_Huckabee', 'Beyonc\xc3\xa9'), ('Political_positions_of_Mike_Huckabee', 'United_States_presidential_election,_2008'), ('Mitt_Romney', 'Rick_Santorum'), ('Political_positions_of_Barack_Obama', 'United_States_Marine_Corps'), ('Political_positions_of_Mike_Huckabee', 'George_W._Bush'), ('Mitt_Romney', 'Viking_Press'), ('Newt_Gingrich_presidential_campaign,_2012', 'United_States_presidential_election_in_South_Carolina,_2012'), ('Family_of_Barack_Obama', 'Amnesty'), ('Mitt_Romney_presidential_campaign,_2012', 'Political_positions_of_Mitt_Romney'), ('Newt_Gingrich', 'Limited_partnership'), ('Mitt_Romney_presidential_campaign,_2012', 'Benjamin_Netanyahu'), ('First_inauguration_of_Barack_Obama', 'Ronald_Reagan'), ('Mitt_Romney', 'United_States_Senate_election_in_Massachusetts,_1994'), ('Political_positions_of_Barack_Obama', 'Bush_tax_cuts'), ('Mike_Huckabee_presidential_campaign,_2008', 'The_Church_of_Jesus_Christ_of_Latter-day_Saints'), ('Huckabee', 'Shimon_Peres'), ('Who_Made_Huckabee?', 'Mitt_Romney'), ('First_inauguration_of_Barack_Obama', 'Wisconsin'), ('Barack_Obama', 'Atheism'), ('Mitt_Romney', 'Chicago_Bears'), ('Barack_Obama', 'Michelle_Obama'), ('First_inauguration_of_Barack_Obama', 'Baltimore'), ('Mitt_Romney_Presidential_campaign,_2012', 'Mitt_Romney_presidential_campaign,_2012'), ('Mike_Huckabee', 'Ames_Straw_Poll'), ('Mitt_Romney', 'Dade_Behring'), ('Rick_Santorum_presidential_campaign,_2012', 'United_States_presidential_election_in_Missouri,_2012'), ('Newt_Gingrich', 'U.S._Commission_on_National_Security/21st_Century'), ('Newt_Gingrich', 'Donald_Rumsfeld'), ('1945_(Gingrich_and_Forstchen_novel)', 'English_language'), ('George_W._Romney', 'Category:People_from_Bloomfield_Hills,_Michigan'), ('Mitt_Romney', 'Paul_Tsongas'), ('First_inauguration_of_Barack_Obama', 'Japan'), ('Newt_Gingrich', 'Category:American_political_writers'), ('George_W._Romney', 'Mitt_Romney'), ('Newt_Gingrich', 'Project_on_National_Security_Reform'), ('George_W._Romney', 'Category:Michigan_Republicans'), ('Statewide_opinion_polling_for_the_Republican_Party_presidential_primaries,_2008', 'Wyoming'), ('Who_Made_Huckabee?', 'Jon_Stewart'), ('George_W._Romney', 'NASCAR'), ('First_inauguration_of_Barack_Obama', 'American_Broadcasting_Company'), ('Newt_Gingrich', 'Category:American_people_of_Scottish_descent'), ('Newt_Gingrich_presidential_campaign,_2012', 'United_States_Marine_Corps'), ('Mitt_Romney', 'Sargent_Shriver'), ('Rick_Santorum_presidential_campaign,_2012', 'Republican_Party_(United_States)'), ('Family_of_Barack_Obama', 'George_W._Bush'), ('Mike_Huckabee_presidential_campaign,_2008', 'California'), ('Mike_Huckabee', 'Gun_control'), ('Mike_Huckabee_presidential_campaign,_2008', 'Grover_Norquist'), ('Barack_Obama', 'Gulf_of_Mexico'), ('Mike_Huckabee', 'Barack_Obama'), ('The_Good_Doctor_(2011_film)', 'Rotten_Tomatoes'), ('Mitt_Romney', 'Ice_blocking'), ('Newt_Gingrich', 'Nancy_Desmond'), ('Barack_Obama', 'East_Jerusalem'), ('Newt_Gingrich', 'File:Newt_Gingrich_by_Gage_Skidmore_2.jpg'), ('George_W._Romney', 'Missionary_(LDS_Church)'), ('Mike_Huckabee_presidential_campaign,_2008', 'Chuck_Norris'), ('Newt_Gingrich', 'Taxpayer_Relief_Act_of_1997'), ('Political_positions_of_Barack_Obama', 'Weapon_of_mass_destruction'), ('Barack_Obama', 'Simon_&_Schuster'), ('First_inauguration_of_Barack_Obama', 'Episcopal_Church_(United_States)'), ('Michelle_obama', 'Michelle_Obama'), ('Mitt_(film)', 'Category:American_films'), ('Newt_Gingrich', 'List_of_United_States_Representatives_from_Georgia'), ('Rick_Santorum_presidential_campaign,_2012', 'The_Christian_Science_Monitor'), ('Newt_Gingrich', 'United_States_House_of_Representatives_elections,_1976'), ('Mitt_Romney', 'File:2012nationwidecountymapshadedbypercentagewon.svg'), ('Newt_Gingrich', 'Winning_the_Future'), ('Statewide_opinion_polling_for_the_Republican_Party_presidential_primaries,_2008', 'Oklahoma'), ('Barack_Obama_in_comics', 'United_States_Senate'), ('Mike_Huckabee', 'Jay_Z'), ('Mitt_Romney', 'United_States_presidential_election_in_Florida,_2012'), ('Newt_Gingrich', 'Bipartisan_Campaign_Reform_Act'), ('Mitt_Romney', 'Dividend'), ('Newt_Gingrich_presidential_campaign,_2012', 'Peggy_Noonan'), ('Ann_Romney', 'Deer_Valley'), ('Newt_Gingrich', 'Hoover_Institution'), ('Political_positions_of_Mike_Huckabee', 'Mike_Huckabee'), ('First_inauguration_of_Barack_Obama', 'The_Washington_Post'), ('Mitt_Romney_presidential_campaign,_2012', 'Conservative_Political_Action_Conference'), ('Rick_Santorum_presidential_campaign,_2012', 'Iowa'), ('Mitt_Romney_presidential_campaign,_2012', 'Paul_Ryan'), ('Ann_Romney', 'Holladay,_Utah'), ('George_W._Romney', 'Lenore_Romney'), ('Mitt_Romney', 'United_States_Secretary_of_Housing_and_Urban_Development'), ('1945_(Gingrich_and_Forstchen_novel)', 'Winston_Churchill'), ('Political_positions_of_Mike_Huckabee', 'Same-sex_marriage'), ('Newt_Gingrich', 'New_Orleans'), ('Mike_Huckabee', 'Republican_Governors_Association'), ('Michelle_Obama', 'Joe_Biden'), ('Rick_Santorum', 'Master_of_Business_Administration'), ('Mike_Huckabee_presidential_campaign,_2008', 'United_States_presidential_election_in_South_Carolina,_2008'), ('Mitt_Romney', 'Massachusetts_1913_law'), ('First_inauguration_of_Barack_Obama', 'Washington,_D.C'), ('Literary_Hall', 'United_States'), ('Mike_Huckabee', 'Category:Republican_Party_state_governors_of_the_United_States'), ('Mitt_Romney_presidential_campaign,_2012', 'Newt_Gingrich'), ('Mike_Huckabee', 'Alabama'), ('Political_positions_of_Barack_Obama', 'Republican_Party_(United_States)'), ('Barack_Obama', 'United_States_Armed_Forces'), ('Newt_Gingrich', 'Category:20th-century_American_novelists'), ('Michelle_Obama', 'Category:Living_people'), ('Mitt_Romney', 'Deval_Patrick'), ('Mitt_Romney', 'Category:People_from_Bloomfield_Hills,_Michigan'), ('Mitt_Romney', 'Roe_v._Wade'), ('Mitt_Romney', 'Dianne_Feinstein'), ('Statewide_opinion_polling_for_the_Republican_Party_presidential_primaries,_2008', 'New_York'), ('George_W._Romney', 'Mormons'), ('Mitt_Romney_presidential_campaign,_2012', 'Exploratory_committee'), ('Newt_Gingrich', 'United_States_presidential_election_in_Iowa,_2012'), ('Barack_Obama', 'Paul_Ryan'), ('Mitt_Romney_presidential_campaign,_2012', 'ORCA_(computer_system)'), ('First_inauguration_of_Barack_Obama', 'Islamism'), ('Mitt_Romney', 'Medicaid'), ('Mitt_Romney', 'SEP-IRA'), ('Political_positions_of_Barack_Obama', 'United_States_Secretary_of_Defense'), ('Family_of_Barack_Obama', 'Jews'), ('Newt_Gingrich_presidential_campaign,_2012', 'United_States_presidential_election_in_Florida,_2012'), ('Northern_crested_newt', 'Europe'), ('First_inauguration_of_Barack_Obama', 'Bill_Clinton'), ('Political_positions_of_Barack_Obama', 'The_Washington_Post'), ('Mitt_(film)', 'United_States_presidential_election,_2008'), ('Mitt_Romney', 'In_situ'), ('Mitt_Romney', 'Invasive_carcinoma_of_no_special_type'), ('Statewide_opinion_polling_for_the_Republican_Party_presidential_primaries,_2008', 'Newt_Gingrich'), ('Mike_Huckabee_presidential_campaign,_2008', 'Frank_Luntz'), ('I_Got_a_Crush..._on_Obama', 'Associated_Press'), ('Mitt_Romney_presidential_campaign,_2012', 'Stratham,_New_Hampshire'), ('Newt_Gingrich', 'Illinois'), ('Newt_Gingrich_presidential_campaign,_2012', 'Hoover_Institution'), ('Mitt_Romney_presidential_campaign,_2012', 'CBS'), ('Newt_Gingrich', 'Dick_Armey'), ('Political_positions_of_Barack_Obama', 'Associated_Press'), ('Political_positions_of_Barack_Obama', 'Category:Political_positions_of_United_States_presidential_candidates,_2008'), ('Barack_Obama', 'Christian'), ('First_inauguration_of_Barack_Obama', 'Colorado'), ('Who_Made_Huckabee?', 'Think_tank'), ('Mitt_Romney', 'Associated_Press'), ('Family_of_Barack_Obama', 'Stanford_University'), ('Newt_Gingrich', 'Category:Alternate_history_writers'), ('George_W._Romney', 'Salt_Lake_Temple'), ('George_W._Romney', 'Republican_Party_presidential_primaries,_1968'), ('Statewide_opinion_polling_for_the_Republican_Party_presidential_primaries,_2008', 'New_Hampshire'), ('Newt_Gingrich', 'Category:Republican_Party_members_of_the_United_States_House_of_Representatives'), ('Newt_Gingrich_presidential_campaign,_2012', 'George_H._W._Bush'), ('Newt_Gingrich', 'Arne_Duncan'), ('Michelle_Obama', 'Prime_Minister_of_the_United_Kingdom'), ('Newt_Gingrich', 'GOPAC'), ('Mitt_Romney', 'Tampa,_Florida'), ('Political_positions_of_Barack_Obama', 'Same-sex_marriage'), ('Newt_Gingrich', 'List_of_United_States_Representatives_expelled,_censured,_or_reprimanded'), ('Rick_Santorum', 'United_States_presidential_election,_2008'), ('Rick_Santorum_presidential_campaign,_2012', 'Ohio'), ('First_inauguration_of_Barack_Obama', 'Martin_Luther_King,_Jr'), ('Fire_belly_newts', 'Japan'), ('Rick_Santorum', 'Category:American_people_of_Irish_descent'), ('Mauree_Gingrich', 'Baltimore'), ('Mitt_Romney', 'Staples_Inc'), ('Mitt_Romney_presidential_campaign,_2012', 'Ronald_Reagan'), ('First_inauguration_of_Barack_Obama', 'Europe'), ('First_inauguration_of_Barack_Obama', 'Connecticut'), ('Mitt_Romney', 'Kerry_Healey'), ('Newt_Gingrich', 'National_Defense_University'), ('First_inauguration_of_Barack_Obama', 'Florida'), ('Newt_Gingrich', 'James_H._Cromartie'), ('Newt_Gingrich', 'The_Atlantic'), ('Mitt_Romney_presidential_campaign,_2012', 'Ohio'), ('George_W._Romney', 'National_Press_Club_(United_States)'), ('Mitt_Romney', '2002_Winter_Olympic_bid_scandal'), ('Mitt_Romney', 'Category:2002_Winter_Olympics'), ('Barack_Obama', 'Arab\xe2\x80\x93Israeli_conflict'), ('Mike_Huckabee', 'Associated_Press'), ('Rick_Santorum_presidential_campaign,_2012', 'United_States_presidential_election_in_Minnesota,_2012'), ('Mitt_Romney_presidential_campaign,_2012', 'Category:Mitt_Romney'), ('Rick_Santorum', 'Virginia'), ('Ann_Romney', 'The_Boston_Globe'), ('Mitt_Romney', 'Category:People_from_Park_City,_Utah'), ('Ann_Romney', 'Lake_Winnipesaukee'), ('Newt_Gingrich', 'Political_campaign'), ('Mitt_(film)', 'John_McCain'), ('United_States_Senate_election_in_Pennsylvania,_2006', 'United_States_House_of_Representatives_elections,_1990'), ('Political_positions_of_Mike_Huckabee', 'Associated_Press'), ('Mitt_Romney', 'Miles_Romney'), ('Mike_Huckabee_presidential_campaign,_2008', 'Global_warming'), ('Mitt_Romney_presidential_campaign,_2012', 'Counter-terrorism'), ('Mitt_Romney', 'Solamere_Capital'), ('Mike_Huckabee', 'Arkansas'), ('Mitt_Romney_presidential_campaign,_2012', '2002_Winter_Olympics'), ('First_inauguration_of_Barack_Obama', 'Oklahoma'), ('George_W._Romney', 'United_States_Secretary_of_Housing_and_Urban_Development'), ('Newt_Gingrich', 'Jerry_Falwell'), ('Mitt_Romney', '2002_Winter_Olympics'), ('Mitt_Romney', 'Massachusetts_health_care_reform'), ('Newt_Gingrich', 'United_States_Air_Force'), ('Mitt_Romney', 'Missionary_(LDS_Church)'), ('Mike_Huckabee_presidential_campaign,_2008', 'New_Hampshire_primary'), ('Rick_Santorum', 'United_States_House_of_Representatives'), ('Barack_Obama', 'War_in_Afghanistan_(2001\xe2\x80\x9314)'), ('Mitt_Romney', 'Bishop_(Latter_Day_Saints)'), ('First_inauguration_of_Barack_Obama', 'Michigan'), ('Barack_Obama', 'Category:United_States_presidential_candidates,_2012'), ('Who_Made_Huckabee?', 'Super_Tuesday'), ('Mitt_Romney', 'Dearborn,_Michigan'), ('First_inauguration_of_Barack_Obama', 'Tennessee'), ('Newt_Gingrich', 'Harrisburg_Hospital'), ('First_inauguration_of_Barack_Obama', 'White_House_Chief_of_Staff'), ('Mitt_Romney', 'Michigan'), ('Mike_Huckabee', 'Conservatism'), ('Family_of_Barack_Obama', 'African_American'), ('Rick_Santorum', 'American_Dream'), ('Newt_Gingrich', 'Ron_Paul'), ('Rick_Santorum', 'The_Atlantic'), ('Mitt_Romney', 'Becket_Fund_for_Religious_Liberty'), ('Mitt_Romney', 'American_Motors'), ('Mike_Huckabee_presidential_campaign,_2008', 'Family_Research_Council'), ('First_inauguration_of_Barack_Obama', 'Maryland'), ('George_W._Romney', 'Republican_National_Committee'), ('Good_Doctor_(advertisement)', 'United_Kingdom'), ('Newt_Gingrich', 'Al_Sharpton'), ('Barack_Obama', 'American_Civil_War'), ('Statewide_opinion_polling_for_the_Republican_Party_presidential_primaries,_2008', 'North_Dakota'), ('Mitt_Romney', 'Black_people_and_Mormonism'), ('1945_(Gingrich_and_Forstchen_novel)', 'Gun_control'), ('Mitt_Romney', 'Troubled_Asset_Relief_Program'), ('Mike_Huckabee_presidential_campaign,_2008', 'Iowa_House_of_Representatives'), ('Mitt_Romney_presidential_campaign,_2012', 'Arizona'), ('Old_Romney', 'England'), ('Family_of_Barack_Obama', 'Associated_Press'), ('Mitt_Romney', 'Category:Presidents_of_the_Organising_Committees_for_the_Olympic_Games'), ('Mitt_Romney', 'Monsanto'), ('Newt_Gingrich', 'File:Clinton1997SOTU.jpg'), ('Barack_obama', 'Barack_Obama'), ('Political_positions_of_Barack_Obama', 'Conservatism'), ('Mitt_Romney', 'Chief_executive_officer'), ('Mike_Huckabee_presidential_campaign,_2008', 'Christian'), ('Mitt_Romney', 'Media_event'), ('Mitt_Romney', 'Category:20th-century_American_businesspeople'), ('Newt_Gingrich', 'Capital_gains_tax_in_the_United_States'), ('Newt_Gingrich', 'Vietnam_War'), ('Newt_Gingrich_presidential_campaign,_2012', 'Ames_Straw_Poll'), ('Huckabee_(surname)', 'Mike_Huckabee'), ('Mitt_Romney_presidential_campaign,_2012', 'Germany'), ('Ann_Romney', 'Category:Living_people'), ('First_inauguration_of_Barack_Obama', 'Massachusetts'), ('Huckabee', 'Tim_LaHaye'), ('First_inauguration_of_Barack_Obama', 'Iraq'), ('Statewide_opinion_polling_for_the_Republican_Party_presidential_primaries,_2008', 'Delaware'), ('Political_positions_of_Mike_Huckabee', 'California'), ('Newt_Gingrich', 'Watergate_scandal'), ('Newt_Gingrich', 'Category:Georgia_(U.S._state)_Republicans'), ('Mitt_Romney_presidential_campaign,_2012', 'New_Hampshire'), ('Mike_Huckabee_presidential_campaign,_2008', 'Alabama'), ('Mike_Huckabee', 'English_American'), ('Rick_Santorum_presidential_campaign,_2012', 'Category:United_States_presidential_campaigns,_2012'), ('Michelle_Obama', 'South_Carolina'), ('First_inauguration_of_Barack_Obama', 'Electoral_College_(United_States)'), ('Mitt_Romney', 'Evan_Thomas'), ('Mike_Huckabee', 'President_of_the_United_States'), ('Romney', 'Mitt_Romney'), ('First_inauguration_of_Barack_Obama', 'NASA'), ('Mitt_Romney', 'Lenore_Romney'), ('Newt_Gingrich', 'Check_kiting'), ('Michelle_Obama', 'United_States_House_of_Representatives'), ('Mitt_Romney_presidential_campaign,_2012', 'Washington_(state)'), ('Mitt_Romney', 'Category:Governors_of_Massachusetts'), ('Rick_Santorum_presidential_campaign,_2012', 'United_States_presidential_election_in_Mississippi,_2012'), ('Rick_Santorum', 'Personal_Responsibility_and_Work_Opportunity_Act'), ('Newt_Gingrich', 'Baptists'), ('Rick_Santorum_presidential_campaign,_2012', 'Associated_Press'), ('Michelle_Obama', 'Chairman'), ('First_inauguration_of_Barack_Obama', 'Delaware'), ('Newt_Gingrich', 'Tantrum'), ('Mitt_(film)', 'Barack_Obama'), ('Barack_Obama', 'Hillary_Rodham_Clinton'), ('Michelle_Obama', 'Democratic_Party_(United_States)'), ('George_W._Romney', 'Points_of_Light'), ('Newt_Gingrich', 'Edward_Rell_Madigan'), ('Mitt_Romney_presidential_campaign,_2012', 'Texas'), ('Newt_Gingrich', 'Category:American_Roman_Catholics'), ('Rick_Santorum', 'Supreme_Court_of_the_United_States'), ('Ann_Romney', 'George_W._Romney'), ('Statewide_opinion_polling_for_the_Republican_Party_presidential_primaries,_2008', 'New_Mexico'), ('David_Huckabee', 'Los_Angeles_Times'), ('Mitt_Romney', 'Wolfeboro,_New_Hampshire'), ('Barack_Obama', 'Mitt_Romney'), ('Barack_Obama', 'Juris_Doctor'), ('Ann_Romney', 'Category:Pratt\xe2\x80\x93Romney_family'), ('United_States_Senate_election_in_Pennsylvania,_2006', 'Meet_the_Press'), ('Newt_Gingrich', 'United_States_House_of_Representatives_elections,_1978'), ('Mitt_Romney', 'Republican_Party_(United_States)'), ('United_States_Senate_election_in_Pennsylvania,_2006', 'Samuel_Alito'), ('Mitt_Romney', 'Category:American_leaders_of_The_Church_of_Jesus_Christ_of_Latter-day_Saints'), ('Mitt_Romney', 'Enhanced_interrogation_techniques'), ('Newt_Gingrich_presidential_campaign,_2012', 'Alaska'), ('Mike_Huckabee', 'Intelligent_design'), ('George_W._Romney', 'Category:20th-century_Mormon_missionaries'), ('Rick_Santorum_presidential_campaign,_2012', 'Mike_Huckabee_presidential_campaign,_2008'), ('Statewide_opinion_polling_for_the_Republican_Party_presidential_primaries,_2008', 'Vermont'), ('George_W._Romney', 'United_Kingdom'), ('Mike_Huckabee_presidential_campaign,_2008', 'The_Des_Moines_Register'), ('Mike_Huckabee_presidential_campaign,_2008', 'Chairman'), ('Mitt_Romney_presidential_campaign,_2012', 'United_States_presidential_election_in_Minnesota,_2012'), ('Mitt_Romney', 'Club'), ('Mitt_Romney_presidential_campaign,_2012', 'David_Brooks_(journalist)'), ('Rick_Santorum', 'Evangelicalism'), ('Mitt_Romney', 'File:Romney_portrait.jpg'), ('Political_positions_of_Barack_Obama', 'Global_warming'), ('Barack_Obama', 'Patient_Protection_and_Affordable_Care_Act'), ('Mitt_Romney', 'Opposition_to_United_States_involvement_in_the_Vietnam_War'), ('Newt_Gingrich_presidential_campaign,_2012', 'United_States_presidential_election,_2004'), ('Huckabee', 'Glenn_Beck'), ('Rick_Santorum_presidential_campaign,_2012', '2012_Republican_National_Convention'), ('Barack_Obama', 'Pope_Benedict_XVI'), ('Mitt_Romney', 'Jane_Swift'), ('Newt_Gingrich', 'Dennis_Hastert'), ('George_W._Romney', 'George_H._W._Bush'), ('Newt_Gingrich_presidential_campaign,_2012', 'United_States_presidential_election_in_Mississippi,_2012'), ('George_W._Romney', 'Politician'), ('Michelle_Obama', 'Corporation_for_National_and_Community_Service'), ('Barack_Obama', 'Global_warming'), ('George_W._Romney', 'Pittsburgh'), ('Rick_Santorum_presidential_campaign,_2012', 'Gallup_(company)'), ('Mike_Huckabee_presidential_campaign,_2008', 'Balanced_budget'), ('First_inauguration_of_Barack_Obama', 'Joe_Biden'), ('George_W._Romney', 'United_States_Senate_election_in_Massachusetts,_1994'), ('Mike_Huckabee', 'Category:American_people_of_English_descent'), ('Barack_Obama', 'The_New_Yorker'), ('Barack_Obama', 'Prime_Minister_of_the_United_Kingdom'), ('Newt_Gingrich_presidential_campaign,_2012', 'Category:United_States_presidential_campaigns,_2012'), ('Newt_Gingrich', 'Office_of_Technology_Assessment'), ('Barack_Obama', 'Mahmoud_Abbas'), ('Newt_Gingrich', 'Temporary_Assistance_for_Needy_Families'), ('Barack_Obama', 'PublicAffairs'), ('Newt_Gingrich', 'Eucharist'), ('Rick_Santorum', 'John_McCain'), ('Mauree_Gingrich', 'Category:Pennsylvania_Republicans'), ('Mitt_Romney', 'Pin_trading'), ('Newt_Gingrich', 'Zoo'), ('Mitt_Romney_presidential_campaign,_2012', 'George_Will'), ('Family_of_Barack_Obama', 'Master_of_Business_Administration'), ('Barack_Obama', 'Time_Person_of_the_Year'), ('First_inauguration_of_Barack_Obama', 'Evangelicalism'), ('Santorum_Amendment', 'United_States_Senate'), ('Mike_Huckabee', 'Category:American_political_writers'), ('First_inauguration_of_Barack_Obama', 'Manhattan'), ('Newt_Gingrich', 'Brussels'), ('George_W._Romney', 'Gallup_(company)'), ('Newt_Gingrich', 'Sexual_harassment'), ('Newt_Gingrich', 'Freddie_Mac'), ('Barack_Obama', 'John_McCain'), ('Mitt_Romney', 'Salt_Lake_City'), ('Mitt_Romney', 'Ronald_Reagan'), ('Mitt_Romney', 'Tagg_Romney'), ('Rick_Santorum_presidential_campaign,_2012', 'Welfare_reform'), ('First_inauguration_of_Barack_Obama', 'John_Roberts'), ('Mike_Huckabee', 'Chuck_Norris'), ('Mitt_Romney_presidential_campaign,_2012', 'Mitt_Romney_presidential_campaign,_2008'), ('Political_positions_of_Barack_Obama', 'David_Brooks_(journalist)'), ('Rick_Santorum', 'Pro-choice'), ('Newt_Gingrich', 'Connie_Mack_III'), ('Newt_Gingrich', 'A_Contract_with_the_Earth'), ('Huckabee', 'Pat_Boone'), ('1945_(Gingrich_and_Forstchen_novel)', 'White_House_Chief_of_Staff'), ('Newt_Gingrich_presidential_campaign,_2012', 'American_Family_Association'), ('Gingrich', 'Newt_Gingrich'), ('First_inauguration_of_Barack_Obama', 'Montana'), ('Mitt_Romney', 'Category:American_chief_executives_of_financial_services_companies'), ('Mitt_Romney', 'Rick_Perry'), ('Mitt_Romney', 'Category:Businesspeople_from_Michigan'), ('Barack_Obama', 'Category:American_political_writers'), ('George_W._Romney', 'Washington,_D.C'), ('Mitt_Romney_presidential_campaign,_2012', 'United_States_presidential_election_in_Colorado,_2012'), ('Mike_Huckabee', 'List_of_Governors_of_Arkansas'), ('Newt_Gingrich', 'David_Worley'), ('First_inauguration_of_Barack_Obama', 'Hillary_Rodham_Clinton'), ('Rick_Santorum_presidential_campaign,_2012', 'Rick_Santorum'), ('Newt_Gingrich', 'Center_for_Health_Transformation'), ('Newt_Gingrich', 'Term_limit'), ('Barack_Obama', 'Harvard_University'), ('First_inauguration_of_Barack_Obama', 'Kenya'), ('Mitt_Romney_presidential_campaign,_2012', 'The_Huffington_Post'), ('Newt', 'Indigenous_peoples_of_the_Americas'), ('Newt_Gingrich', 'United_States_cable_news'), ('Mitt_Romney', 'Clarence_Thomas'), ('Mike_Huckabee_presidential_campaign,_2008', 'Fox_News_Channel'), ('Mitt_Romney', 'LMFAO'), ('George_W._Romney', 'Bloomfield_Hills,_Michigan'), ('Mike_Huckabee_presidential_campaign,_2008', 'The_Daily_Show'), ('First_inauguration_of_Barack_Obama', 'Jay_Z'), ('Political_positions_of_Mike_Huckabee', 'Ted_Kennedy'), ('Mitt_Romney_presidential_campaign,_2012', 'Wisconsin'), ('Mitt_Romney', 'Category:American_management_consultants'), ('George_W._Romney', 'Richard_Nixon'), ('Newt_Gingrich', 'Hillary_Rodham_Clinton'), ('Ann_Romney', 'Republican_Party_presidential_primaries,_2012'), ('Ann_Romney', 'Category:People_from_Carroll_County,_New_Hampshire'), ('Michelle_Obama', 'Barack_Obama'), ('Mitt_Romney_presidential_campaign,_2012', 'United_States_Congress'), ('Mitt_Romney', 'File:Romney_2006_ESGR.PNG'), ('First_inauguration_of_Barack_Obama', 'Oregon'), ('Newt_Gingrich', 'Public_health'), ('Newt_Gingrich', 'Bill_Paxon'), ('Political_positions_of_Mike_Huckabee', 'Guantanamo_Bay_detention_camp'), ('Mike_Huckabee', 'Category:Fox_News_Channel_people'), ('Mike_Huckabee_presidential_campaign,_2008', 'Hillary_Rodham_Clinton'), ('George_W._Romney', 'United_States_presidential_election,_2012'), ('Rick_Santorum_presidential_campaign,_2012', 'United_States_presidential_election_in_Nevada,_2012'), ('Rick_Santorum', 'John_Kerry'), ('Rick_Santorum', 'Classes_of_United_States_Senators'), ('Mitt_Romney', 'Basement_apartment'), ('Mitt_Romney', 'Results_of_the_Republican_Party_presidential_primaries,_2012'), ('Newt_Gingrich', 'Republican_Party_presidential_primaries,_2012'), ('First_inauguration_of_Barack_Obama', 'Barack_Obama'), ('Mike_Huckabee_presidential_campaign,_2008', 'John_McCain'), ('Mike_Huckabee_presidential_campaign,_2008', 'New_Hampshire_House_of_Representatives'), ('Mitt_Romney', 'George_Romney_presidential_campaign,_1968'), ('Family_of_Barack_Obama', 'RealClearPolitics'), ('Mitt_Romney_presidential_campaign,_2012', 'Bill_Clinton'), ('Newt_Gingrich', '1945_(Gingrich_and_Forstchen_novel)'), ('Mitt_Romney', 'People_(magazine)'), ('Mitt_Romney', 'Category:American_investors'), ('Rick_Santorum', 'Category:American_Roman_Catholics'), ('George_W._Romney', 'United_States_Senate'), ('First_inauguration_of_Barack_Obama', 'Alabama'), ('Newt_Gingrich', 'Marc_Ambinder'), ('Barack_Obama', 'National_Football_League'), ('Mitt_Romney', 'Judicial_restraint'), ('Newt_Gingrich', 'United_States_House_of_Representatives_elections,_1998'), ('Michelle_Obama', "Don't_ask,_don't_tell"), ('Mitt_Romney', 'Case_method'), ('Mitt_Romney', 'Bentley_University'), ('Mike_Huckabee_presidential_campaign,_2008', 'Andr\xc3\xa9_Bauer'), ('Barack_Obama', 'Two-state_solution'), ('Political_positions_of_Mike_Huckabee', 'Stem_cell'), ('Newt_Gingrich', 'Johns_Hopkins_University_Press'), ('George_W._Romney', 'The_Boston_Globe'), ('Mitt_Romney', 'Harvard_Law_School'), ('Mitt_Romney_presidential_campaign,_2012', 'American_Broadcasting_Company'), ('Mike_Huckabee', 'NBC'), ('Newt_Gingrich', 'Military_history'), ('Mike_Huckabee_presidential_campaign,_2008', 'Terri_Schiavo_case'), ('George_W._Romney', 'United_States_Congress'), ('Rick_Santorum_presidential_campaign,_2012', 'United_States_presidential_election_in_New_Hampshire,_2012'), ('Newt_Gingrich', 'List_of_national_founders'), ('Mitt_Romney_presidential_campaign,_2012', '2012_Republican_National_Convention'), ('Mitt_Romney', 'United_States_presidential_election_in_New_Hampshire,_2008'), ('Newt_Gingrich', 'Iowa'), ('Mitt_Romney', 'Pro-choice'), ('Newt_Gingrich_presidential_campaign,_2012', 'Bob_Dole'), ('Newt_Gingrich', 'Political_positions_of_Newt_Gingrich'), ('Newt_Gingrich_presidential_campaign,_2012', 'Republican_Party_presidential_primaries,_2012'), ('Ann_Romney', 'Category:People_from_Bloomfield_Hills,_Michigan'), ('Newt', 'Europe'), ('Mitt_Romney_presidential_campaign,_2012', 'Pennsylvania'), ('Rick_Santorum', 'Global_warming'), ('Ann_Romney', 'Michigan'), ('Mitt_Romney', 'Latin_honors'), ('Newt_Gingrich', 'File:NewtGingrich.jpg'), ('First_inauguration_of_Barack_Obama', 'New_Jersey'), ('Political_positions_of_Mike_Huckabee', 'War_in_Afghanistan_(2001\xe2\x80\x9314)'), ('Newt_Gingrich_presidential_campaign,_2012', 'Results_of_the_Republican_Party_presidential_primaries,_2012'), ('First_inauguration_of_Barack_Obama', 'Indigenous_peoples_of_the_Americas'), ('Newt_Gingrich', 'Kemp_Commission'), ('Rick_Santorum', 'Democratic_Party_(United_States)'), ('Mike_Huckabee', 'Southern_Baptist_Convention'), ('First_inauguration_of_Barack_Obama', 'Nebraska'), ('Rick_Santorum', 'Tom_DeLay'), ('First_inauguration_of_Barack_Obama', 'Puerto_Rico'), ('Political_positions_of_Mike_Huckabee', 'Roe_v._Wade'), ('Mitt_Romney', 'Governor_of_Massachusetts'), ("Rick_Santorum's_views_on_homosexuality", 'Lawrence_v._Texas'), ('Rick_Santorum_presidential_campaign,_2012', 'On_the_Record_w/_Greta_Van_Susteren'), ('Ann_Romney', 'In_situ'), ('Barack_Obama', 'Category:21st-century_American_writers'), ('Rick_Santorum', 'Pittsburgh'), ('Mitt_Romney', 'Hillary_Rodham_Clinton'), ('Mitt_Romney', 'Independent_(voter)'), ('Mitt_Romney', 'Motion_Picture_Association_of_America_film_rating_system'), ('Rick_Santorum_presidential_campaign,_2012', 'Los_Angeles_Times'), ('Statewide_opinion_polling_for_the_Republican_Party_presidential_primaries,_2008', 'John_McCain'), ('Mitt_Romney', 'William_Morrow_and_Company'), ('Family_of_Barack_Obama', 'South_Carolina'), ('Statewide_opinion_polling_for_the_Republican_Party_presidential_primaries,_2008', 'Connecticut'), ('First_inauguration_of_Barack_Obama', 'Bob_Bennett_(politician)'), ('Mike_Huckabee_presidential_campaign,_2008', 'Massachusetts'), ('First_inauguration_of_Barack_Obama', 'Virginia'), ('I_Got_a_Crush..._on_Obama', 'The_Des_Moines_Register'), ('Newt_Gingrich', 'Category:Former_Lutherans'), ('Rick_Santorum_presidential_campaign,_2012', 'Birth_control'), ('Family_of_Barack_Obama', 'Reconstruction_Era'), ('Mike_Huckabee_presidential_campaign,_2008', 'Evangelicalism'), ('Arnold_Gingrich', 'University_of_Michigan'), ('Mitt_Romney', 'Benjamin_Netanyahu'), ("Rick_Santorum's_views_on_homosexuality", 'United_States_Armed_Forces'), ('Mike_Huckabee', 'Category:American_memoirists'), ('Barack_Obama', 'United_States_Senate'), ('Statewide_opinion_polling_for_the_Republican_Party_presidential_primaries,_2008', 'Tennessee'), ('Mitt_Romney', 'Deer_Valley'), ('Mitt_Romney', 'Ampad'), ('Mitt_Romney', 'Steve_Ellis_(businessman)'), ('Mitt_Romney', 'The_Church_of_Jesus_Christ_of_Latter-day_Saints'), ('Michelle_Obama', 'Federal_Marriage_Amendment'), ('Newt_Gingrich', 'Bob_Dole'), ('Literary_Hall', 'West_Virginia'), ('Newt_Gingrich', 'Martin_Luther_King,_Jr'), ('George_W._Romney', 'Parley_P._Pratt'), ('George_W._Romney', 'New_Hampshire_primary'), ('Michelle_Obama', 'Obesity'), ('Newt_Gingrich_presidential_campaign,_2012', 'Contract_with_America'), ('Newt_Gingrich_presidential_campaign,_2012', 'Ron_Paul'), ('Rick_Santorum', 'Republican_Revolution'), ('Mitt_Romney', 'Meeting_house'), ('Mike_Huckabee', 'Ron_Paul'), ("Rick_Santorum's_views_on_homosexuality", 'Republican_Party_(United_States)'), ('Newt_Gingrich_presidential_campaign,_2012', 'Atlanta'), ('Rick_Santorum_presidential_campaign,_2012', 'Idaho'), ('Newt_Gingrich', 'File:Gingrich-01.jpg'), ('Newt_Gingrich', 'Ronald_Reagan'), ('Barack_Obama', 'Same-sex_marriage'), ('Barack_Obama', 'Dodd\xe2\x80\x93Frank_Wall_Street_Reform_and_Consumer_Protection_Act'), ('Mitt_Romney', 'Leveraged_buyout'), ('Barack_Obama', 'Chrysler'), ('Who_Made_Huckabee?', 'Associated_Press'), ('Mitt_Romney', 'Patient_Protection_and_Affordable_Care_Act'), ('Mitt_Romney_presidential_campaign,_2012', 'France'), ('George_W._Romney', 'Harris_Interactive'), ('First_inauguration_of_Barack_Obama', 'Utah'), ('Mitt_Romney', 'Massachusetts_Democratic_Party'), ('Mitt_Romney_presidential_campaign,_2012', 'London'), ('Barack_Obama_in_comics', 'Barack_Obama'), ('Family_of_Barack_Obama', 'Jimmy_Carter'), ('Newt_Gingrich_presidential_campaign,_2012', 'Larry_Sabato'), ('Mitt_Romney', 'Mike_Pence'), ('Ann_Romney', '2012_Republican_National_Convention'), ('Mitt_Romney', 'Suffolk_University_Law_School'), ('I_Got_a_Crush..._on_Obama', 'Viral_video'), ('Political_positions_of_Mike_Huckabee', 'Civil_union'), ('Mitt_Romney', 'Venture_capital'), ('First_inauguration_of_Barack_Obama', 'United_States_House_of_Representatives'), ('Barack_Obama', 'Category:Articles_containing_video_clips'), ('Mitt_Romney', 'File:Cranbrook_Tower_and_Quadrangle.jpg'), ('Mitt_Romney_presidential_campaign,_2012', 'FactCheck.org'), ('Michelle_Obama', 'People_(magazine)'), ("Rick_Santorum's_views_on_homosexuality", 'LGBT_rights_by_country_or_territory'), ('Black-spotted_newt', 'Mexico'), ('Mitt_Romney_presidential_campaign,_2012', 'NBC'), ('Newt_Gingrich', 'New_Hampshire'), ('Mitt_Romney', 'The_New_York_Times_Best_Seller_list'), ('Mitt_Romney', 'Home_teaching'), ('Ann_Romney', 'La_Jolla'), ('Rick_Santorum_presidential_campaign,_2012', 'Focus_on_the_Family'), ('Mike_Huckabee', 'Super_Tuesday'), ('Newt_Gingrich_presidential_campaign,_2012', 'Jon_Huntsman,_Jr'), ('Mitt_Romney', 'Ron_Paul'), ('Ann_Romney', "Alzheimer's_disease"), ('Mitt_Romney_presidential_campaign,_2012', 'Israel'), ('Mike_Huckabee', 'Rasmussen_Reports'), ('Mitt_Romney', 'United_States_presidential_election_in_South_Carolina,_2008'), ('Newt_Gingrich_presidential_campaign,_2012', 'Face_the_Nation'), ('Mike_Huckabee', 'The_New_York_Times'), ('Mitt_Romney', 'Guantanamo_Bay_detention_camp'), ('Mitt_Romney', 'Republican_Party_presidential_primaries,_2008'), ('Huckabee', 'Fox_News_Channel'), ('Barack_Obama', 'Ted_Kennedy'), ('Mike_Huckabee_presidential_campaign,_2008', 'Exploratory_committee'), ('Mike_huckabee', 'Mike_Huckabee'), ('Barack_Obama', 'Federal_Election_Commission'), ('Newt_Gingrich_presidential_campaign,_2012', 'Quinnipiac_University_Polling_Institute'), ('First_inauguration_of_Barack_Obama', 'New_York'), ('Callista_Gingrich', 'United_States_House_of_Representatives'), ('Political_positions_of_Mike_Huckabee', 'Mitt_Romney'), ('George_W._Romney', 'Lyndon_B._Johnson'), ('George_W._Romney', 'Viking_Press'), ('Mitt_(film)', 'United_States_presidential_election,_2012'), ('Rick_Santorum_presidential_campaign,_2012', 'Huck_PAC'), ('Newt_Gingrich', 'Rick_Santorum'), ('Political_positions_of_Mike_Huckabee', 'List_of_Governors_of_Arkansas'), ('Newt_Gingrich', 'Exploratory_committee'), ('Newt_Gingrich', 'United_States_presidential_election,_1976'), ('Huckabee', 'Dan_Quayle'), ('Newt_Gingrich', 'Habitat_for_Humanity'), ('Newt_Gingrich', 'Christian_Broadcasting_Network'), ('Callista_Gingrich', 'Category:American_Roman_Catholics'), ('Political_positions_of_Barack_Obama', 'National_Press_Club_(United_States)'), ('Newt_Gingrich_presidential_campaign,_2012', 'National_Review'), ('Who_Made_Huckabee?', 'American_Broadcasting_Company'), ('Mitt_Romney', 'William_Kennedy_Smith'), ('Ann_Romney', 'Massachusetts'), ('Mike_Huckabee_presidential_campaign,_2008', 'American_Family_Association'), ('Mitt_Romney', 'Embryonic_stem_cell'), ('Mitt_Romney', 'Points_of_Light'), ('Mitt_Romney', 'Salt_Lake_Organizing_Committee_for_the_Olympic_and_Paralympic_Winter_Games_of_2002'), ('Mike_Huckabee_presidential_campaign,_2008', 'Alaska'), ('Huckabee', 'Tom_DeLay'), ('Mitt_Romney', 'Category:20th-century_Mormon_missionaries'), ('Mitt_Romney_presidential_campaign,_2012', 'Nevada'), ('Newt_Gingrich', 'Category:Adoptees_adopted_by_relations'), ('Newt_Gingrich_presidential_campaign,_2012', 'Rick_Perry_presidential_campaign,_2012'), ('Mitt_Romney', 'Civil_union'), ('Mitt_Romney', 'Milton_Romney'), ('Who_Made_Huckabee?', 'John_McCain'), ('Newt_Gingrich', 'Nelson_Rockefeller'), ('Statewide_opinion_polling_for_the_Republican_Party_presidential_primaries,_2008', 'Rick_Santorum'), ('Mike_Huckabee_presidential_campaign,_2008', 'United_States_presidential_election_in_Iowa,_2008'), ('Newt_Gingrich_presidential_campaign,_2012', 'United_States_presidential_election,_2008'), ('Mike_Huckabee', 'Patient_Protection_and_Affordable_Care_Act'), ('Rick_Santorum', 'Category:United_States_presidential_candidates,_2012'), ('Mitt_Romney', 'Brigham_Young_University'), ('Rick_Santorum', 'FactCheck.org'), ('First_inauguration_of_Barack_Obama', 'New_Hampshire'), ('Barack_Obama', 'Joe_Biden'), ('Statewide_opinion_polling_for_the_Republican_Party_presidential_primaries,_2008', 'Arkansas'), ('Mitt_Romney_presidential_campaign,_2012', 'Cabinet_of_the_United_States'), ('Political_positions_of_Mike_Huckabee', 'Intelligent_design'), ('Ann_Romney', 'Missionary_(LDS_Church)'), ('Newt_Gingrich_presidential_campaign,_2012', 'Think_tank'), ('Newt_Gingrich', 'Category:American_people_of_German_descent'), ('Santorum_Amendment', 'Intelligent_design'), ('Newt_Gingrich', 'Fox_News_Channel'), ('Rick_Santorum_presidential_campaign,_2012', 'Family_Research_Council'), ('Callista_Gingrich', 'Category:Newt_Gingrich'), ('Newt_Gingrich_presidential_campaign,_2012', 'Two-state_solution'), ('Who_Made_Huckabee?', 'Arkansas'), ('Newt_Gingrich', 'The_Christian_Science_Monitor'), ('Newt_Gingrich', 'Yitzhak_Rabin'), ('Barack_Obama', 'Caucus'), ('Mitt_Romney_presidential_campaign,_2012', 'Joe_Biden'), ('George_W._Romney', 'Chrysler'), ('Mitt_Romney_presidential_campaign,_2012', 'George_W._Bush'), ('Newt_Gingrich', 'Stephanie_Cutter'), ('Mitt_Romney', 'Netflix'), ('First_inauguration_of_Barack_Obama', 'The_New_York_Times'), ('First_inauguration_of_Barack_Obama', 'United_States_presidential_election,_2008'), ('Mitt_Romney_presidential_campaign,_2012', 'Peggy_Noonan'), ('Mitt_Romney', 'Phi_Kappa_Sigma'), ('Newt_Gingrich', 'Pope_Benedict_XVI'), ('First_inauguration_of_Barack_Obama', 'President_of_the_United_States'), ('Mitt_Romney', 'United_States_Senate_election_in_California,_1994'), ('Barack_Obama', 'Same-sex_marriage_in_the_United_States'), ('George_W._Romney', 'Lobbying'), ('Barack_Obama', 'Embryonic_stem_cell'), ('Newt_Gingrich', 'Tom_DeLay'), ('Rick_Santorum_presidential_campaign,_2012', 'Alabama'), ('Ann_Romney', 'Deval_Patrick'), ('Mike_Huckabee', 'Huck_PAC'), ('Mike_Huckabee', 'Republican_National_Committee'), ('Newt_Gingrich_presidential_campaign,_2012', 'New_Hampshire_House_of_Representatives'), ('Rick_Santorum_presidential_campaign,_2012', 'Pennsylvania'), ('Michelle_Obama', 'The_Huffington_Post'), ('Northern_crested_newt', 'England'), ('Ann_Romney', 'Bloomfield_Hills,_Michigan'), ('Mitt_Romney', 'Vulcan_nerve_pinch'), ('Mitt_Romney_presidential_campaign,_2012', 'PolitiFact.com'), ('Newt_Gingrich', 'Category:Living_people'), ('Newt_Gingrich_presidential_campaign,_2012', 'United_States_presidential_election_in_New_Hampshire,_2012'), ('Rick_Santorum', 'Tennessee'), ('Rick_Santorum_presidential_campaign,_2012', 'New_Hampshire'), ('Newt_Gingrich_presidential_campaign,_2012', 'Shreveport,_Louisiana'), ('Rick_Santorum_presidential_campaign,_2012', 'Tennessee'), ('Mitt_Romney_presidential_campaign,_2012', 'Mahmoud_Abbas'), ('First_inauguration_of_Barack_Obama', 'Shimon_Peres'), ('Rick_Santorum_presidential_campaign,_2012', 'Rasmussen_Reports'), ('Newt_Gingrich', 'United_States_House_of_Representatives_elections,_1992'), ('Mitt_Romney', 'French_wine'), ('Santorum_(disambiguation)', 'Rick_Santorum'), ('Mitt_Romney', 'Sealy_Corporation'), ('Newt_Gingrich', 'File:Nydailynews_newt.jpg'), ('Political_positions_of_Barack_Obama', 'The_Almanac_of_American_Politics'), ('Newt_Gingrich', 'Jack_Kemp'), ('Newt_Gingrich', 'Dinosaur'), ('Newt_Gingrich', 'Category:American_people_of_English_descent'), ('Newt_Gingrich', 'Hummelstown,_Pennsylvania'), ('Michelle_Obama', 'MSNBC'), ('Newt_Gingrich', 'Crossfire_(TV_series)'), ('George_W._Romney', 'Michigan_State_Capitol'), ('First_inauguration_of_Barack_Obama', 'Prime_Minister_of_the_United_Kingdom'), ('Barack_Obama', 'General_Motors'), ('Mitt_Romney_presidential_campaign,_2012', 'United_Nations'), ('Rick_Santorum_presidential_campaign,_2012', 'United_States_presidential_election_in_Florida,_2012'), ('Mitt_Romney', 'Simon_&_Schuster'), ('Rick_Santorum_presidential_campaign,_2012', 'Charisma_(magazine)'), ('Newt_Gingrich_presidential_campaign,_2012', 'Iowa_House_of_Representatives'), ('Political_positions_of_Mike_Huckabee', 'Mike_Huckabee_presidential_campaign,_2008'), ('Mitt_Romney', "Buyer's_remorse"), ('Barack_Obama', 'Fiat_Chrysler_Automobiles'), ('Newt_Gingrich_presidential_campaign,_2012', 'South_Carolina_House_of_Representatives'), ('Mitt_Romney', 'Social_conservatism_in_the_United_States'), ('Mitt_Romney', 'Turnaround:_Crisis,_Leadership,_and_the_Olympic_Games'), ('Mitt_Romney', 'Category:Stanford_University_alumni'), ('Ann_Romney', 'President_of_the_United_States'), ('Michelle_Obama', 'American_Civil_War'), ('Barack_Obama', 'Classes_of_United_States_Senators'), ('The_Good_Doctor_(2011_film)', 'Thriller_(genre)'), ('Michelle_Obama', 'Category:21st-century_American_writers'), ('Mitt_Romney', 'Category:George_W._Romney'), ('Newt_Gingrich', 'Pennsylvania'), ('Mitt_Romney', '2014\xe2\x80\x9315_Russian_military_intervention_in_Ukraine'), ('I_Got_a_Crush..._on_Obama', 'President_of_the_United_States'), ('Barack_Obama', 'United_States_Secretary_of_State'), ('Mike_Huckabee', 'Mark_Warner'), ('Rick_Santorum', 'Tuberculosis'), ('Newt_Gingrich', 'United_States_presidential_election_in_Minnesota,_2012'), ('Mitt_Romney_presidential_campaign,_2012', 'Chrysler'), ('Mitt_Romney_presidential_campaign,_2012', 'United_States_Secretary_of_State'), ('Rick_Santorum', 'Fox_News_Channel'), ('Mitt_Romney', 'United_States_presidential_election,_2016'), ('Newt_Gingrich_presidential_campaign,_2012', 'List_of_Governors_of_Alaska'), ('Mitt_Romney_presidential_campaign,_2012', 'Palestinian_National_Authority'), ('Newt_Gingrich', 'File:Newt_&_Callista_Gingrich.jpg'), ('Mitt_Romney', 'Belmont,_Massachusetts'), ('Family_of_Barack_Obama', 'Atlanta'), ('Mitt_Romney', 'Sunday_School_(LDS_Church)'), ('First_inauguration_of_Barack_Obama', 'Russia'), ('Michelle_Obama', 'The_Daily_Show'), ('Family_of_Barack_Obama', 'United_States_Armed_Forces'), ('Newt_Gingrich', 'Jim_Wright'), ('Statewide_opinion_polling_for_the_Republican_Party_presidential_primaries,_2008', 'Rhode_Island'), ('Mitt_Romney', 'Category:Massachusetts_Republicans'), ('Mitt_Romney', 'Mormonism'), ('Newt_Gingrich', 'Audit'), ('Barack_Obama', 'Category:American_memoirists'), ('Statewide_opinion_polling_for_the_Republican_Party_presidential_primaries,_2008', 'Dick_Cheney'), ('Mitt_Romney', 'Draft_lottery_(1969)'), ('Mitt_Romney', 'Flip-flop_(politics)'), ('Newt_Gingrich', 'Panama'), ('1945_(Gingrich_and_Forstchen_novel)', 'Gettysburg:_A_Novel_of_the_Civil_War'), ('Mitt_Romney', 'Category:American_political_writers'), ('Mitt_Romney_presidential_campaign,_2012', 'United_States_presidential_election_in_Iowa,_2012'), ("Rick_Santorum's_views_on_homosexuality", 'Polygamy'), ('Huckabee', 'Michelle_Obama'), ('Newt_Gingrich', 'Carrollton,_Georgia'), ('George_W._Romney', 'United_States_Attorney_General'), ('Mitt_Romney', 'File:Romney_2011_Paradise_Valley,_AZ_rally.jpg'), ('Mitt_Romney', 'Alternative_minimum_tax'), ('Mike_Huckabee', 'Newt_Gingrich'), ('Mitt_Romney_presidential_campaign,_2012', 'Hillary_Rodham_Clinton'), ('Mitt_Romney', 'Massachusetts_Supreme_Judicial_Court'), ('Mitt_Romney', 'Goodridge_v._Department_of_Public_Health'), ('Newt', 'Old_English'), ('Mitt_Romney', 'Mormon_colonies_in_Mexico'), ('Mitt_Romney', 'Lee_Iacocca'), ('George_W._Romney', 'National_Center_for_Voluntary_Action'), ('Mike_Huckabee', 'Kenya'), ('First_inauguration_of_Barack_Obama', 'Arizona'), ('First_inauguration_of_Barack_Obama', 'September_11_attacks'), ('Mike_Huckabee_presidential_campaign,_2008', 'Bob_Vander_Plaats'), ('Mitt_Romney', 'Bain_Capital'), ('Rick_Santorum', 'United_States_presidential_election,_2012'), ('George_W._Romney', 'University_of_Michigan'), ('Newt_Gingrich', 'Category:20th-century_American_writers'), ('Newt_Gingrich', 'The_Art_of_Transformation'), ('Mitt_Romney_presidential_campaign,_2012', 'Ann_Romney'), ('Mitt_Romney_presidential_campaign,_2012', 'American_Enterprise_Institute'), ('Mitt_Romney', 'Master_of_Business_Administration'), ('Callista_Gingrich', 'Republican_Party_(United_States)'), ('Ann_Romney', 'Detroit'), ('Mike_Huckabee', 'Meet_the_Press'), ("Rick_Santorum's_views_on_homosexuality", 'Fox_News_Channel'), ('Newt_Gingrich_presidential_campaign,_2012', 'Arab\xe2\x80\x93Israeli_conflict'), ('Mitt_Romney', '2012_Republican_National_Convention'), ('Mike_Huckabee_presidential_campaign,_2008', 'South_Carolina'), ('Mike_Huckabee_presidential_campaign,_2008', 'New_Hampshire'), ('Old_Romney', 'HIV/AIDS'), ('Mitt_Romney', 'Accuride_Corporation'), ('Mitt_(film)', 'Ann_Romney'), ('Mitt_Romney', 'Salt_Lake_Temple'), ('Mitt_Romney_presidential_campaign,_2012', 'Parade_(magazine)'), ('Barack_Obama', 'George_W._Bush'), ('Mike_Huckabee_presidential_campaign,_2008', 'Mayor'), ('Mitt_Romney_presidential_campaign,_2012', 'United_States_presidential_election_in_Nevada,_2012'), ('Newt_Gingrich', 'United_States_House_of_Representatives_elections,_1990'), ('Mitt_Romney', 'Juris_Doctor'), ('Political_positions_of_Barack_Obama', 'The_New_York_Times'), ('Mitt_Romney', 'Massachusetts_General_Court'), ('Rick_Santorum', 'Peter_Fitzgerald_(politician)'), ('Rick_Santorum', 'Catholic_Church'), ('Statewide_opinion_polling_for_the_Republican_Party_presidential_primaries,_2008', 'Condoleezza_Rice'), ('Mike_Huckabee', 'Bill_Clinton'), ('Santorum_Amendment', 'Pennsylvania'), ('Mitt_Romney', 'Category:United_States_presidential_candidates,_2012'), ('Mitt_Romney', 'Estate_tax_in_the_United_States'), ('The_Good_Doctor_(2011_film)', 'Category:American_films'), ('Newt_Gingrich', 'American_Solutions_for_Winning_the_Future'), ('Rick_Santorum_presidential_campaign,_2012', 'Mitt_Romney'), ('Statewide_opinion_polling_for_the_Republican_Party_presidential_primaries,_2008', 'Florida'), ('Who_Made_Huckabee?', 'The_Daily_Show'), ('First_inauguration_of_Barack_Obama', 'Philadelphia'), ('Newt_Gingrich', 'Lars-Erik_Nelson'), ('Mitt_Romney', 'Treasurer_and_Receiver-General_of_Massachusetts'), ('Newt_Gingrich', 'Category:Members_of_the_United_States_House_of_Representatives_from_Georgia_(U.S._state)'), ('Newt_Gingrich', 'Internal_Revenue_Service'), ('Rick_Santorum', 'Polygamy'), ("Rick_Santorum's_views_on_homosexuality", "Don't_ask,_don't_tell"), ('Ann_Romney', 'Primary_school'), ('Michelle_Obama', 'United_States_Senate'), ('Mitt_Romney_presidential_campaign,_2012', 'Carried_interest'), ('Newt_Gingrich', 'Norman_Rockwell'), ('United_States_Senate_election_in_Pennsylvania,_1994', 'Pittsburgh'), ('Mitt_Romney', 'Antonin_Scalia'), ('Rick_Santorum', 'Birth_control'), ('Ann_Romney', 'Boston_University'), ('Mitt_Romney', 'John_Thune'), ('Rick_Santorum_presidential_campaign,_2012', 'Fox_News_Channel'), ('Mitt_Romney_presidential_campaign,_2012', 'Hoover_Institution'), ('Ann_Romney', 'Stanford_University'), ('Mitt_Romney', 'Category:People_from_Carroll_County,_New_Hampshire'), ('Mitt_Romney', 'Quorum_of_the_Twelve'), ('Newt_Gingrich', 'Southern_Baptist_Convention'), ('Mitt_Romney', 'JD-MBA'), ('Mitt_Romney', 'File:Paul_Ryan_with_Mitt_Romney_in_Norfolk,_Virginia_8-11-12.jpg'), ('Family_of_Barack_Obama', 'Joe_Biden'), ('Mitt_Romney', 'Multiple_sclerosis'), ('Mitt_Romney_presidential_campaign,_2012', 'Campaign_for_"santorum"_neologism'), ('Mitt_Romney', 'Mormons'), ('Newt_Gingrich_presidential_campaign,_2012', 'Freddie_Mac'), ('Mitt_Romney', 'Category:Pratt\xe2\x80\x93Romney_family'), ('Mitt_Romney', 'Mercedes-Benz'), ('Mitt_Romney', 'List_of_private_equity_firms'), ('Political_positions_of_Mike_Huckabee', 'Jews'), ('United_States_Senate_election_in_Pennsylvania,_2006', 'Democratic_Party_(United_States)'), ('Ann_Romney', 'Wales'), ('First_inauguration_of_Barack_Obama', 'United_Kingdom'), ('Newt_Gingrich', 'Rediscovering_God_in_America'), ('1945_(Gingrich_and_Forstchen_novel)', 'Scotland'), ('Mitt_Romney', 'Boston'), ('Mitt_Romney', 'Cambodian_Campaign'), ('Rick_Santorum_presidential_campaign,_2012', 'CNN'), ('Mitt_Romney', 'Internal_rate_of_return'), ('Political_positions_of_Mike_Huckabee', 'John_McCain'), ('Newt_Gingrich', 'United_States_presidential_election_in_Nevada,_2012'), ('Statewide_opinion_polling_for_the_Republican_Party_presidential_primaries,_2008', 'Texas'), ('Family_of_Barack_Obama', 'United_States_Army'), ('Ann_Romney', 'The_New_York_Times_Best_Seller_list'), ('Rick_Santorum', 'The_New_York_Times_Best_Seller_list'), ('Mitt_Romney', 'List_of_counties_in_Michigan'), ('Mitt_Romney_presidential_campaign,_2012', 'United_States_Department_of_State'), ('Statewide_opinion_polling_for_the_Republican_Party_presidential_primaries,_2008', 'Virginia'), ('Callista_Gingrich', 'Ronald_Reagan'), ('Newt_Gingrich_presidential_campaign,_2012', 'Federal_Election_Commission'), ('Rick_Santorum', 'NBC'), ('Mitt_Romney_presidential_campaign,_2012', 'The_Boston_Globe'), ('First_inauguration_of_Barack_Obama', 'Washington_(state)'), ('Mitt_Romney', 'Le_Havre'), ('Ann_Romney', 'Category:Mitt_Romney'), ('Who_Made_Huckabee?', 'Category:United_States_presidential_election,_2008_in_popular_culture'), ('Rick_Santorum_presidential_campaign,_2012', 'NASCAR'), ('BARACK_OBAMA', 'Barack_Obama'), ('George_W._Romney', 'Booster_club'), ('George_W._Romney', 'The_Church_of_Jesus_Christ_of_Latter-day_Saints'), ('Statewide_opinion_polling_for_the_Republican_Party_presidential_primaries,_2008', 'George_Allen_(U.S._politician)'), ('Newt_Gingrich_presidential_campaign,_2012', 'United_States_presidential_election_in_Alabama,_2012'), ('Family_of_Barack_Obama', 'Ted_Kennedy'), ('Newt_Gingrich', 'Orl\xc3\xa9ans'), ('Mitt_Romney', 'John_F._Kennedy'), ('Mitt_Romney', 'John_Lakian'), ('Mitt_Romney', 'Category:American_Mormon_missionaries_in_France'), ('Rick_Santorum_presidential_campaign,_2012', 'United_States_presidential_election,_2012'), ('Mitt_Romney', 'Category:People_from_La_Jolla,_San_Diego'), ('Mitt_Romney', '2012_Summer_Olympics'), ('Newt_Gingrich_presidential_campaign,_2012', 'Andr\xc3\xa9_Bauer'), ('Barack_Obama', 'Gallup_(company)'), ('Mitt_Romney', 'BYU_Honors_Program'), ('Mitt_Romney', 'Strict_constructionism'), ('Ann_Romney', 'Mormons'), ('Mitt_Romney', 'Holladay,_Utah'), ('Mitt_Romney_presidential_campaign,_2012', 'Fiat_Chrysler_Automobiles'), ('Newt_Gingrich', 'United_States_House_of_Representatives_elections,_1974'), ('Political_positions_of_Barack_Obama', 'Political_positions_of_Mitt_Romney'), ('Mitt_Romney', 'Religious_conversion'), ('Mitt_Romney', 'Republican_Revolution'), ('Newt_Gingrich', 'Robert_Novak'), ('George_W._Romney', 'Martin_Luther_King,_Jr'), ('Mitt_Romney_presidential_campaign,_2012', 'George_Allen_(U.S._politician)'), ('Mitt_Romney', 'Park_City,_Utah'), ('Mike_Huckabee', 'Georgia_(U.S._state)'), ('Barack_Obama', 'United_States'), ('Rick_Santorum', 'Same-sex_marriage_in_the_United_States'), ('Newt_Gingrich', 'Alternate_history'), ('Newt_Gingrich_presidential_campaign,_2012', 'Six_Sigma'), ('Newt_Gingrich', 'Category:American_Enterprise_Institute'), ('George_W._Romney', 'Massachusetts'), ('Family_of_Barack_Obama', 'CNN'), ('First_inauguration_of_Barack_Obama', 'United_States_Senate'), ('Huckabee', 'Mike_Huckabee'), ('Newt_Gingrich', 'United_States_Capitol'), ('Rick_Santorum', 'Republican_Party_presidential_primaries,_2012'), ('Ann_Romney', 'Category:People_from_Belmont,_Massachusetts'), ('Newt_Gingrich_presidential_campaign,_2012', 'Hamas'), ('First_inauguration_of_Barack_Obama', 'United_States_Army'), ('First_inauguration_of_Barack_Obama', 'Minnesota'), ('Rick_Santorum_presidential_campaign,_2012', 'Colorado'), ('Newt_Gingrich', 'Category:University_of_West_Georgia_faculty'), ('I_Got_a_Crush..._on_Obama', 'Barack_Obama'), ('Barack_Obama', "Don't_ask,_don't_tell"), ('Statewide_opinion_polling_for_the_Republican_Party_presidential_primaries,_2008', 'Mike_Huckabee'), ('Newt_Gingrich', '2012_Republican_National_Convention'), ('Newt_Gingrich', 'Time_Person_of_the_Year'), ('Mitt_Romney', 'ORCA_(computer_system)'), ('Rick_Santorum', 'Hamas'), ('Newt_Gingrich', 'Van_Jones'), ('First_inauguration_of_Barack_Obama', 'African_American'), ('Political_positions_of_Mike_Huckabee', 'National_Physicians_Alliance'), ('George_W._Romney', 'HarperCollins'), ('First_inauguration_of_Barack_Obama', 'California'), ('Newt_Gingrich', 'Torrijos\xe2\x80\x93Carter_Treaties'), ('Statewide_opinion_polling_for_the_Republican_Party_presidential_primaries,_2008', 'Nationwide_opinion_polling_for_the_Republican_Party_2008_presidential_candidates'), ('Michelle_Obama', 'China'), ('Newt_Gingrich_presidential_campaign,_2012', 'United_States_House_of_Representatives'), ('Statewide_opinion_polling_for_the_Republican_Party_presidential_primaries,_2008', 'Maryland'), ('Ann_Romney', 'Tagg_Romney'), ('Mike_Huckabee_presidential_campaign,_2008', 'African_American'), ('Newt_Gingrich', 'Think_tank'), ('Mike_Huckabee', 'United_States_presidential_election_in_South_Carolina,_2008'), ('George_W._Romney', 'Conservatism_in_the_United_States'), ('Rick_Santorum', 'Same-sex_marriage'), ('Mitt_Romney', 'Exploratory_committee'), ('Newt_Gingrich', 'On_the_Record_w/_Greta_Van_Susteren')]
edges:1035
nodes:1046
mention:Romney   target:Mitt_Romney     predict:Ann_Romney
mention:Santorum   target:Rick_Santorum     predict:United_States_Senate_election_in_Pennsylvania,_2000
mention:Huckabee   target:Mike_Huckabee     predict:Nationwide_opinion_polling_for_the_Republican_Party_2008_presidential_primaries
mention:Gingrich   target:Newt_Gingrich     predict:Nationwide_opinion_polling_for_the_Republican_Party_2008_presidential_primaries
mention:Good_Doctor   target:Ron_Paul     predict:The_Good_Doctor_(2011_film)
mention:Mitt   target:Mitt_Romney     predict:Mitt_Romney
mention:Obama   target:Barack_Obama     predict:Political_positions_of_Barack_Obama
mention:Newt   target:Newt_Gingrich     predict:Black-spotted_newt
doc_totalnumber:8
doc_correctnumber:1
doc_precious:0.125
doc_runtime:0:00:00.056002
